Component: ARM Compiler 5.06 update 4 (build 422) Tool: armlink [4d35d2]

==============================================================================

Section Cross References

    startup_stm32f405xx.o(RESET) refers to startup_stm32f405xx.o(STACK) for __initial_sp
    startup_stm32f405xx.o(RESET) refers to startup_stm32f405xx.o(.text) for Reset_Handler
    startup_stm32f405xx.o(RESET) refers to stm32f4xx_it.o(i.NMI_Handler) for NMI_Handler
    startup_stm32f405xx.o(RESET) refers to stm32f4xx_it.o(i.HardFault_Handler) for HardFault_Handler
    startup_stm32f405xx.o(RESET) refers to stm32f4xx_it.o(i.MemManage_Handler) for MemManage_Handler
    startup_stm32f405xx.o(RESET) refers to stm32f4xx_it.o(i.BusFault_Handler) for BusFault_Handler
    startup_stm32f405xx.o(RESET) refers to stm32f4xx_it.o(i.UsageFault_Handler) for UsageFault_Handler
    startup_stm32f405xx.o(RESET) refers to stm32f4xx_it.o(i.SVC_Handler) for SVC_Handler
    startup_stm32f405xx.o(RESET) refers to stm32f4xx_it.o(i.DebugMon_Handler) for DebugMon_Handler
    startup_stm32f405xx.o(RESET) refers to stm32f4xx_it.o(i.PendSV_Handler) for PendSV_Handler
    startup_stm32f405xx.o(RESET) refers to stm32f4xx_it.o(i.SysTick_Handler) for SysTick_Handler
    startup_stm32f405xx.o(RESET) refers to stm32f4xx_it.o(i.DMA1_Stream6_IRQHandler) for DMA1_Stream6_IRQHandler
    startup_stm32f405xx.o(RESET) refers to stm32f4xx_it.o(i.TIM2_IRQHandler) for TIM2_IRQHandler
    startup_stm32f405xx.o(RESET) refers to stm32f4xx_it.o(i.TIM3_IRQHandler) for TIM3_IRQHandler
    startup_stm32f405xx.o(RESET) refers to stm32f4xx_it.o(i.USART1_IRQHandler) for USART1_IRQHandler
    startup_stm32f405xx.o(RESET) refers to stm32f4xx_it.o(i.USART2_IRQHandler) for USART2_IRQHandler
    startup_stm32f405xx.o(RESET) refers to stm32f4xx_it.o(i.DMA2_Stream7_IRQHandler) for DMA2_Stream7_IRQHandler
    startup_stm32f405xx.o(.text) refers to system_stm32f4xx.o(i.SystemInit) for SystemInit
    startup_stm32f405xx.o(.text) refers to entry.o(.ARM.Collect$$$$00000000) for __main
    bsp_led.o(i.LED_Control) refers to stm32f4xx_hal_gpio.o(i.HAL_GPIO_WritePin) for HAL_GPIO_WritePin
    bsp_led.o(i.LED_Time_Callback) refers to bsp_led.o(i.LED_Toggle) for LED_Toggle
    bsp_led.o(i.LED_Time_Callback) refers to bsp_led.o(.data) for .data
    bsp_led.o(i.LED_Toggle) refers to stm32f4xx_hal_gpio.o(i.HAL_GPIO_TogglePin) for HAL_GPIO_TogglePin
    bsp_uart.o(i.HAL_UART_RxCpltCallback) refers to stm32f4xx_hal_uart.o(i.HAL_UART_Receive_IT) for HAL_UART_Receive_IT
    bsp_uart.o(i.HAL_UART_RxCpltCallback) refers to bsp_uart.o(.data) for .data
    bsp_uart.o(i.HAL_UART_RxCpltCallback) refers to usart.o(.bss) for huart1
    bsp_uart.o(i.Uart1_Send) refers to stm32f4xx_hal_uart.o(i.HAL_UART_Transmit_DMA) for HAL_UART_Transmit_DMA
    bsp_uart.o(i.Uart1_Send) refers to usart.o(.bss) for huart1
    bsp_uart.o(i.Uart2_Send) refers to stm32f4xx_hal_uart.o(i.HAL_UART_Transmit_DMA) for HAL_UART_Transmit_DMA
    bsp_uart.o(i.Uart2_Send) refers to usart.o(.bss) for huart2
    bsp_uart.o(i.Uart_ReadAByteFromRxFifo) refers to bsp_uart.o(i.Uart_ReadAByteFromFifo) for Uart_ReadAByteFromFifo
    bsp_uart.o(i.Uart_Receive_Start) refers to stm32f4xx_hal_uart.o(i.HAL_UART_Receive_IT) for HAL_UART_Receive_IT
    bsp_uart.o(i.fputc) refers to stm32f4xx_hal_uart.o(i.HAL_UART_Transmit_DMA) for HAL_UART_Transmit_DMA
    bsp_uart.o(i.fputc) refers to usart.o(.bss) for huart1
    bsp_uart.o(.data) refers to bsp_uart.o(.bss) for UartRxbuf
    bsp_uart.o(.data) refers to bsp_uart.o(.bss) for UartRxbuf2
    bsp_uart.o(.data) refers to bsp_uart.o(.data) for UartFifo
    bsp_uart.o(.data) refers to bsp_uart.o(.data) for UartFifo2
    bsp_uartprotocl.o(i.UartReceiveServer) refers to bsp_uartprotocl.o(i.UartReceiveServer1) for UartReceiveServer1
    bsp_uartprotocl.o(i.UartReceiveServer) refers to bsp_uartprotocl.o(i.UartReceiveServer2) for UartReceiveServer2
    bsp_uartprotocl.o(i.UartReceiveServer1) refers to bsp_uartprotocl.o(i.ProtocolFrame_Check) for ProtocolFrame_Check
    bsp_uartprotocl.o(i.UartReceiveServer1) refers to bsp_uart.o(.data) for Uart_Fifo_Point
    bsp_uartprotocl.o(i.UartReceiveServer1) refers to bsp_uartprotocl.o(.bss) for .bss
    bsp_uartprotocl.o(i.UartReceiveServer2) refers to bsp_uartprotocl.o(i.ProtocolFrame_Check) for ProtocolFrame_Check
    bsp_uartprotocl.o(i.UartReceiveServer2) refers to printfb.o(i.__0printf$bare) for __2printf
    bsp_uartprotocl.o(i.UartReceiveServer2) refers to bsp_config.o(i.ModifyTempConfig) for ModifyTempConfig
    bsp_uartprotocl.o(i.UartReceiveServer2) refers to bsp_interal_flash.o(i.Interal_Flash_WriteByByte) for Interal_Flash_WriteByByte
    bsp_uartprotocl.o(i.UartReceiveServer2) refers to stm32f4xx_hal_tim.o(i.HAL_TIM_Base_Stop_IT) for HAL_TIM_Base_Stop_IT
    bsp_uartprotocl.o(i.UartReceiveServer2) refers to stm32f4xx_hal_tim.o(i.HAL_TIM_Base_Start_IT) for HAL_TIM_Base_Start_IT
[...]
    ../Drivers/STM32F4xx_HAL_Driver/Src/stm32f4xx_hal_spi.c 0x00000000   Number         0  stm32f4xx_hal_spi.o ABSOLUTE
    ../Drivers/STM32F4xx_HAL_Driver/Src/stm32f4xx_hal_tim.c 0x00000000   Number         0  stm32f4xx_hal_tim.o ABSOLUTE
    ../Drivers/STM32F4xx_HAL_Driver/Src/stm32f4xx_hal_tim_ex.c 0x00000000   Number         0  stm32f4xx_hal_tim_ex.o ABSOLUTE
    ../Drivers/STM32F4xx_HAL_Driver/Src/stm32f4xx_hal_uart.c 0x00000000   Number         0  stm32f4xx_hal_uart.o ABSOLUTE
    ../Src/dma.c                             0x00000000   Number         0  dma.o ABSOLUTE
    ../Src/gpio.c                            0x00000000   Number         0  gpio.o ABSOLUTE
    ../Src/iwdg.c                            0x00000000   Number         0  iwdg.o ABSOLUTE
    ../Src/main.c                            0x00000000   Number         0  main.o ABSOLUTE
    ../Src/spi.c                             0x00000000   Number         0  spi.o ABSOLUTE
    ../Src/stm32f4xx_hal_msp.c               0x00000000   Number         0  stm32f4xx_hal_msp.o ABSOLUTE
    ../Src/stm32f4xx_it.c                    0x00000000   Number         0  stm32f4xx_it.o ABSOLUTE
    ../Src/system_stm32f4xx.c                0x00000000   Number         0  system_stm32f4xx.o ABSOLUTE
    ../Src/tim.c                             0x00000000   Number         0  tim.o ABSOLUTE
    ../Src/usart.c                           0x00000000   Number         0  usart.o ABSOLUTE
    ../clib/microlib/division.c              0x00000000   Number         0  uldiv.o ABSOLUTE
    ../clib/microlib/division.c              0x00000000   Number         0  ldiv.o ABSOLUTE
    ../clib/microlib/division.c              0x00000000   Number         0  uidiv.o ABSOLUTE
    ../clib/microlib/init/entry.s            0x00000000   Number         0  entry11a.o ABSOLUTE
    ../clib/microlib/init/entry.s            0x00000000   Number         0  entry9b.o ABSOLUTE
    ../clib/microlib/init/entry.s            0x00000000   Number         0  entry10a.o ABSOLUTE
    ../clib/microlib/init/entry.s            0x00000000   Number         0  entry10b.o ABSOLUTE
    ../clib/microlib/init/entry.s            0x00000000   Number         0  entry11b.o ABSOLUTE
    ../clib/microlib/init/entry.s            0x00000000   Number         0  entry2.o ABSOLUTE
    ../clib/microlib/init/entry.s            0x00000000   Number         0  entry9a.o ABSOLUTE
    ../clib/microlib/init/entry.s            0x00000000   Number         0  entry.o ABSOLUTE
    ../clib/microlib/init/entry.s            0x00000000   Number         0  entry5.o ABSOLUTE
    ../clib/microlib/init/entry.s            0x00000000   Number         0  entry7a.o ABSOLUTE
    ../clib/microlib/init/entry.s            0x00000000   Number         0  entry7b.o ABSOLUTE
    ../clib/microlib/init/entry.s            0x00000000   Number         0  entry8a.o ABSOLUTE
    ../clib/microlib/init/entry.s            0x00000000   Number         0  entry8b.o ABSOLUTE
    ../clib/microlib/longlong.c              0x00000000   Number         0  llsshr.o ABSOLUTE
    ../clib/microlib/longlong.c              0x00000000   Number         0  llushr.o ABSOLUTE
    ../clib/microlib/longlong.c              0x00000000   Number         0  llshl.o ABSOLUTE
    ../clib/microlib/printf/printf.c         0x00000000   Number         0  printf0.o ABSOLUTE
    ../clib/microlib/printf/printf.c         0x00000000   Number         0  printf8.o ABSOLUTE
    ../clib/microlib/printf/printf.c         0x00000000   Number         0  printf7.o ABSOLUTE
    ../clib/microlib/printf/printf.c         0x00000000   Number         0  printf4.o ABSOLUTE
    ../clib/microlib/printf/printf.c         0x00000000   Number         0  printf3.o ABSOLUTE
    ../clib/microlib/printf/printf.c         0x00000000   Number         0  printf2.o ABSOLUTE
    ../clib/microlib/printf/printf.c         0x00000000   Number         0  printf1.o ABSOLUTE
    ../clib/microlib/printf/printf.c         0x00000000   Number         0  printfa.o ABSOLUTE
    ../clib/microlib/printf/printf.c         0x00000000   Number         0  printfb.o ABSOLUTE
    ../clib/microlib/printf/printf.c         0x00000000   Number         0  printf5.o ABSOLUTE
    ../clib/microlib/printf/printf.c         0x00000000   Number         0  printf6.o ABSOLUTE
    ../clib/microlib/stdio/streams.c         0x00000000   Number         0  stdout.o ABSOLUTE
    ../clib/microlib/string/memcpy.c         0x00000000   Number         0  memcpya.o ABSOLUTE
    ../clib/microlib/string/memcpy.c         0x00000000   Number         0  memcpyb.o ABSOLUTE
    ../clib/microlib/string/memset.c         0x00000000   Number         0  memseta.o ABSOLUTE
    ../clib/microlib/stubs.s                 0x00000000   Number         0  iusefp.o ABSOLUTE
    ../fplib/microlib/fpadd.c                0x00000000   Number         0  dadd.o ABSOLUTE
    ../fplib/microlib/fpdiv.c                0x00000000   Number         0  ddiv.o ABSOLUTE
    ../fplib/microlib/fpepilogue.c           0x00000000   Number         0  depilogue.o ABSOLUTE
    ../fplib/microlib/fpfix.c                0x00000000   Number         0  dfixul.o ABSOLUTE
    ../fplib/microlib/fpmul.c                0x00000000   Number         0  dmul.o ABSOLUTE
    ..\Drivers\STM32F4xx_HAL_Driver\Src\stm32f4xx_hal.c 0x00000000   Number         0  stm32f4xx_hal.o ABSOLUTE
    ..\Drivers\STM32F4xx_HAL_Driver\Src\stm32f4xx_hal_cortex.c 0x00000000   Number         0  stm32f4xx_hal_cortex.o ABSOLUTE
    ..\Drivers\STM32F4xx_HAL_Driver\Src\stm32f4xx_hal_dma.c 0x00000000   Number         0  stm32f4xx_hal_dma.o ABSOLUTE
    ..\Drivers\STM32F4xx_HAL_Driver\Src\stm32f4xx_hal_dma_ex.c 0x00000000   Number         0  stm32f4xx_hal_dma_ex.o ABSOLUTE
    ..\Drivers\STM32F4xx_HAL_Driver\Src\stm32f4xx_hal_flash.c 0x00000000   Number         0  stm32f4xx_hal_flash.o ABSOLUTE
    ..\Drivers\STM32F4xx_HAL_Driver\Src\stm32f4xx_hal_flash_ex.c 0x00000000   Number         0  stm32f4xx_hal_flash_ex.o ABSOLUTE
    ..\Drivers\STM32F4xx_HAL_Driver\Src\stm32f4xx_hal_flash_ramfunc.c 0x00000000   Number         0  stm32f4xx_hal_flash_ramfunc.o ABSOLUTE
    ..\Drivers\STM32F4xx_HAL_Driver\Src\stm32f4xx_hal_gpio.c 0x00000000   Number         0  stm32f4xx_hal_gpio.o ABSOLUTE
    ..\Drivers\STM32F4xx_HAL_Driver\Src\stm32f4xx_hal_iwdg.c 0x00000000   Number         0  stm32f4xx_hal_iwdg.o ABSOLUTE
    ..\Drivers\STM32F4xx_HAL_Driver\Src\stm32f4xx_hal_pwr.c 0x00000000   Number         0  stm32f4xx_hal_pwr.o ABSOLUTE
    ..\Drivers\STM32F4xx_HAL_Driver\Src\stm32f4xx_hal_pwr_ex.c 0x00000000   Number         0  stm32f4xx_hal_pwr_ex.o ABSOLUTE
    ..\Drivers\STM32F4xx_HAL_Driver\Src\stm32f4xx_hal_rcc.c 0x00000000   Number         0  stm32f4xx_hal_rcc.o ABSOLUTE
    ..\Drivers\STM32F4xx_HAL_Driver\Src\stm32f4xx_hal_rcc_ex.c 0x00000000   Number         0  stm32f4xx_hal_rcc_ex.o ABSOLUTE
    ..\Drivers\STM32F4xx_HAL_Driver\Src\stm32f4xx_hal_spi.c 0x00000000   Number         0  stm32f4xx_hal_spi.o ABSOLUTE
    ..\Drivers\STM32F4xx_HAL_Driver\Src\stm32f4xx_hal_tim.c 0x00000000   Number         0  stm32f4xx_hal_tim.o ABSOLUTE
    ..\Drivers\STM32F4xx_HAL_Driver\Src\stm32f4xx_hal_tim_ex.c 0x00000000   Number         0  stm32f4xx_hal_tim_ex.o ABSOLUTE
    ..\Drivers\STM32F4xx_HAL_Driver\Src\stm32f4xx_hal_uart.c 0x00000000   Number         0  stm32f4xx_hal_uart.o ABSOLUTE
    ..\Src\dma.c                             0x00000000   Number         0  dma.o ABSOLUTE
    ..\Src\gpio.c                            0x00000000   Number         0  gpio.o ABSOLUTE
    ..\Src\iwdg.c                            0x00000000   Number         0  iwdg.o ABSOLUTE
    ..\Src\main.c                            0x00000000   Number         0  main.o ABSOLUTE
    ..\Src\spi.c                             0x00000000   Number         0  spi.o ABSOLUTE
    ..\Src\stm32f4xx_hal_msp.c               0x00000000   Number         0  stm32f4xx_hal_msp.o ABSOLUTE
    ..\Src\stm32f4xx_it.c                    0x00000000   Number         0  stm32f4xx_it.o ABSOLUTE
    ..\Src\system_stm32f4xx.c                0x00000000   Number         0  system_stm32f4xx.o ABSOLUTE
    ..\Src\tim.c                             0x00000000   Number         0  tim.o ABSOLUTE
    ..\Src\usart.c                           0x00000000   Number         0  usart.o ABSOLUTE
    ..\\bsp\\src\\bsp_Ad7606.c               0x00000000   Number         0  bsp_ad7606.o ABSOLUTE
    ..\\bsp\\src\\bsp_UartProtocl.c          0x00000000   Number         0  bsp_uartprotocl.o ABSOLUTE
    ..\\bsp\\src\\bsp_adder.c                0x00000000   Number         0  bsp_adder.o ABSOLUTE
    ..\\bsp\\src\\bsp_buildframe.c           0x00000000   Number         0  bsp_buildframe.o ABSOLUTE
    ..\\bsp\\src\\bsp_calculation.c          0x00000000   Number         0  bsp_calculation.o ABSOLUTE
    ..\\bsp\\src\\bsp_config.c               0x00000000   Number         0  bsp_config.o ABSOLUTE
    ..\\bsp\\src\\bsp_dmasend.c              0x00000000   Number         0  bsp_dmasend.o ABSOLUTE
    ..\\bsp\\src\\bsp_interal_flash.c        0x00000000   Number         0  bsp_interal_flash.o ABSOLUTE
    ..\\bsp\\src\\bsp_led.c                  0x00000000   Number         0  bsp_led.o ABSOLUTE
    ..\\bsp\\src\\bsp_ms5540b.c              0x00000000   Number         0  bsp_ms5540b.o ABSOLUTE
    ..\\bsp\\src\\bsp_time.c                 0x00000000   Number         0  bsp_time.o ABSOLUTE
    ..\\bsp\\src\\bsp_uart.c                 0x00000000   Number         0  bsp_uart.o ABSOLUTE
    ..\bsp\src\bsp_Ad7606.c                  0x00000000   Number         0  bsp_ad7606.o ABSOLUTE
    ..\bsp\src\bsp_UartProtocl.c             0x00000000   Number         0  bsp_uartprotocl.o ABSOLUTE
    ..\bsp\src\bsp_adder.c                   0x00000000   Number         0  bsp_adder.o ABSOLUTE
    ..\bsp\src\bsp_buildframe.c              0x00000000   Number         0  bsp_buildframe.o ABSOLUTE
    ..\bsp\src\bsp_calculation.c             0x00000000   Number         0  bsp_calculation.o ABSOLUTE
    ..\bsp\src\bsp_config.c                  0x00000000   Number         0  bsp_config.o ABSOLUTE
    ..\bsp\src\bsp_dmasend.c                 0x00000000   Number         0  bsp_dmasend.o ABSOLUTE
    ..\bsp\src\bsp_interal_flash.c           0x00000000   Number         0  bsp_interal_flash.o ABSOLUTE
    ..\bsp\src\bsp_led.c                     0x00000000   Number         0  bsp_led.o ABSOLUTE
    ..\bsp\src\bsp_ms5540b.c                 0x00000000   Number         0  bsp_ms5540b.o ABSOLUTE
    ..\bsp\src\bsp_time.c                    0x00000000   Number         0  bsp_time.o ABSOLUTE
    ..\bsp\src\bsp_uart.c                    0x00000000   Number         0  bsp_uart.o ABSOLUTE
    cdrcmple.s                               0x00000000   Number         0  cdrcmple.o ABSOLUTE
    dc.s                                     0x00000000   Number         0  dc.o ABSOLUTE
    handlers.s                               0x00000000   Number         0  handlers.o ABSOLUTE
    init.s                                   0x00000000   Number         0  init.o ABSOLUTE
    startup_stm32f405xx.s                    0x00000000   Number         0  startup_stm32f405xx.o ABSOLUTE
    RESET                                    0x08000000   Section      392  startup_stm32f405xx.o(RESET)
    .ARM.Collect$$$$00000000                 0x08000188   Section        0  entry.o(.ARM.Collect$$$$00000000)
    .ARM.Collect$$$$00000001                 0x08000188   Section        4  entry2.o(.ARM.Collect$$$$00000001)
    .ARM.Collect$$$$00000004                 0x0800018c   Section        4  entry5.o(.ARM.Collect$$$$00000004)
    .ARM.Collect$$$$00000008                 0x08000190   Section        0  entry7b.o(.ARM.Collect$$$$00000008)
    .ARM.Collect$$$$0000000A                 0x08000190   Section        0  entry8b.o(.ARM.Collect$$$$0000000A)
    .ARM.Collect$$$$0000000B                 0x08000190   Section        8  entry9a.o(.ARM.Collect$$$$0000000B)
    .ARM.Collect$$$$0000000D                 0x08000198   Section        0  entry10a.o(.ARM.Collect$$$$0000000D)
    .ARM.Collect$$$$0000000F                 0x08000198   Section        0  entry11a.o(.ARM.Collect$$$$0000000F)
    .ARM.Collect$$$$00002712                 0x08000198   Section        4  entry2.o(.ARM.Collect$$$$00002712)
    __lit__00000000                          0x08000198   Data           4  entry2.o(.ARM.Collect$$$$00002712)
    .text                                    0x0800019c   Section       36  startup_stm32f405xx.o(.text)
    $v0                                      0x0800019c   Number         0  startup_stm32f405xx.o(.text)
    .text                                    0x080001c0   Section        0  uldiv.o(.text)
    .text                                    0x08000222   Section        0  memcpya.o(.text)
    .text                                    0x08000246   Section        0  memseta.o(.text)
    .text                                    0x0800026a   Section        0  llshl.o(.text)
    .text                                    0x08000288   Section        0  llushr.o(.text)
    .text                                    0x080002a8   Section       36  init.o(.text)
    i.AD7606_Init                            0x080002cc   Section        0  bsp_ad7606.o(i.AD7606_Init)
    i.AD7606_Is_Busy_Low                     0x080002f4   Section        0  bsp_ad7606.o(i.AD7606_Is_Busy_Low)
    i.AD7606_Read8Channel                    0x0800030c   Section        0  bsp_ad7606.o(i.AD7606_Read8Channel)
    i.AD7606_Reset                           0x08000350   Section        0  bsp_ad7606.o(i.AD7606_Reset)
    i.AD7606_SetOS                           0x080003a4   Section        0  bsp_ad7606.o(i.AD7606_SetOS)
    i.AD7606_StartConv                       0x080004e0   Section        0  bsp_ad7606.o(i.AD7606_StartConv)
    i.ADC_Frequency_Modify                   0x0800050c   Section        0  bsp_ad7606.o(i.ADC_Frequency_Modify)
    i.ADC_Sample_Callback                    0x08000538   Section        0  bsp_ad7606.o(i.ADC_Sample_Callback)
    i.AdcAdder_Init                          0x0800055c   Section        0  bsp_adder.o(i.AdcAdder_Init)
    i.BuildFrame_Init                        0x08000580   Section        0  bsp_buildframe.o(i.BuildFrame_Init)
    i.BusFault_Handler                       0x080005d4   Section        0  stm32f4xx_it.o(i.BusFault_Handler)
    i.CalculationInit                        0x080005d6   Section        0  bsp_calculation.o(i.CalculationInit)
    i.DMA1_Stream6_IRQHandler                0x08000600   Section        0  stm32f4xx_it.o(i.DMA1_Stream6_IRQHandler)
    i.DMA2_Stream7_IRQHandler                0x0800060c   Section        0  stm32f4xx_it.o(i.DMA2_Stream7_IRQHandler)
    i.DMA_CalcBaseAndBitshift                0x08000618   Section        0  stm32f4xx_hal_dma.o(i.DMA_CalcBaseAndBitshift)
    DMA_CalcBaseAndBitshift                  0x08000619   Thumb Code    38  stm32f4xx_hal_dma.o(i.DMA_CalcBaseAndBitshift)
    i.DMA_CheckFifoParam                     0x08000644   Section        0  stm32f4xx_hal_dma.o(i.DMA_CheckFifoParam)
    DMA_CheckFifoParam                       0x08000645   Thumb Code   120  stm32f4xx_hal_dma.o(i.DMA_CheckFifoParam)
    i.DMA_SetConfig                          0x080006bc   Section        0  stm32f4xx_hal_dma.o(i.DMA_SetConfig)
    DMA_SetConfig                            0x080006bd   Thumb Code    42  stm32f4xx_hal_dma.o(i.DMA_SetConfig)
    i.DebugMon_Handler                       0x080006e6   Section        0  stm32f4xx_it.o(i.DebugMon_Handler)
    i.DmaSend                                0x080006e8   Section        0  bsp_dmasend.o(i.DmaSend)
    i.DmaSendInit                            0x08000710   Section        0  bsp_dmasend.o(i.DmaSendInit)
    i.FLASH_Erase_Sector                     0x08000728   Section        0  stm32f4xx_hal_flash_ex.o(i.FLASH_Erase_Sector)
    i.FLASH_FlushCaches                      0x08000778   Section        0  stm32f4xx_hal_flash_ex.o(i.FLASH_FlushCaches)
    i.FLASH_MassErase                        0x080007cc   Section        0  stm32f4xx_hal_flash_ex.o(i.FLASH_MassErase)
    FLASH_MassErase                          0x080007cd   Thumb Code    34  stm32f4xx_hal_flash_ex.o(i.FLASH_MassErase)
    i.FLASH_Program_Byte                     0x080007f4   Section        0  stm32f4xx_hal_flash.o(i.FLASH_Program_Byte)
    FLASH_Program_Byte                       0x080007f5   Thumb Code    26  stm32f4xx_hal_flash.o(i.FLASH_Program_Byte)
    i.FLASH_Program_DoubleWord               0x08000814   Section        0  stm32f4xx_hal_flash.o(i.FLASH_Program_DoubleWord)
    FLASH_Program_DoubleWord                 0x08000815   Thumb Code    34  stm32f4xx_hal_flash.o(i.FLASH_Program_DoubleWord)
    i.FLASH_Program_HalfWord                 0x0800083c   Section        0  stm32f4xx_hal_flash.o(i.FLASH_Program_HalfWord)
    FLASH_Program_HalfWord                   0x0800083d   Thumb Code    30  stm32f4xx_hal_flash.o(i.FLASH_Program_HalfWord)
    i.FLASH_Program_Word                     0x08000860   Section        0  stm32f4xx_hal_flash.o(i.FLASH_Program_Word)
    FLASH_Program_Word                       0x08000861   Thumb Code    30  stm32f4xx_hal_flash.o(i.FLASH_Program_Word)
    i.FLASH_SetErrorCode                     0x08000884   Section        0  stm32f4xx_hal_flash.o(i.FLASH_SetErrorCode)
    FLASH_SetErrorCode                       0x08000885   Thumb Code    96  stm32f4xx_hal_flash.o(i.FLASH_SetErrorCode)
    i.FLASH_WaitForLastOperation             0x080008ec   Section        0  stm32f4xx_hal_flash.o(i.FLASH_WaitForLastOperation)
    i.GetSector                              0x08000940   Section        0  bsp_interal_flash.o(i.GetSector)
    GetSector                                0x08000941   Thumb Code   146  bsp_interal_flash.o(i.GetSector)
    i.GetSectorSize                          0x080009fc   Section        0  bsp_interal_flash.o(i.GetSectorSize)
    GetSectorSize                            0x080009fd   Thumb Code    38  bsp_interal_flash.o(i.GetSectorSize)
    i.HAL_DMA_Abort_IT                       0x08000a22   Section        0  stm32f4xx_hal_dma.o(i.HAL_DMA_Abort_IT)
    i.HAL_DMA_IRQHandler                     0x08000a48   Section        0  stm32f4xx_hal_dma.o(i.HAL_DMA_IRQHandler)
    i.HAL_DMA_Init                           0x08000c18   Section        0  stm32f4xx_hal_dma.o(i.HAL_DMA_Init)
    i.HAL_DMA_Start_IT                       0x08000cec   Section        0  stm32f4xx_hal_dma.o(i.HAL_DMA_Start_IT)
    i.HAL_Delay                              0x08000d64   Section        0  stm32f4xx_hal.o(i.HAL_Delay)
    i.HAL_FLASHEx_Erase                      0x08000d80   Section        0  stm32f4xx_hal_flash_ex.o(i.HAL_FLASHEx_Erase)
    i.HAL_FLASH_Lock                         0x08000e20   Section        0  stm32f4xx_hal_flash.o(i.HAL_FLASH_Lock)
    i.HAL_FLASH_Program                      0x08000e34   Section        0  stm32f4xx_hal_flash.o(i.HAL_FLASH_Program)
    i.HAL_FLASH_Unlock                       0x08000eb0   Section        0  stm32f4xx_hal_flash.o(i.HAL_FLASH_Unlock)
    i.HAL_GPIO_Init                          0x08000edc   Section        0  stm32f4xx_hal_gpio.o(i.HAL_GPIO_Init)
    i.HAL_GPIO_ReadPin                       0x080010a0   Section        0  stm32f4xx_hal_gpio.o(i.HAL_GPIO_ReadPin)
    i.HAL_GPIO_TogglePin                     0x080010ae   Section        0  stm32f4xx_hal_gpio.o(i.HAL_GPIO_TogglePin)
    i.HAL_GPIO_WritePin                      0x080010b6   Section        0  stm32f4xx_hal_gpio.o(i.HAL_GPIO_WritePin)
    i.HAL_GetTick                            0x080010c4   Section        0  stm32f4xx_hal.o(i.HAL_GetTick)
    i.HAL_IncTick                            0x080010d0   Section        0  stm32f4xx_hal.o(i.HAL_IncTick)
    i.HAL_Init                               0x080010e0   Section        0  stm32f4xx_hal.o(i.HAL_Init)
    i.HAL_InitTick                           0x08001114   Section        0  stm32f4xx_hal.o(i.HAL_InitTick)
    i.HAL_MspInit                            0x0800113c   Section        0  stm32f4xx_hal_msp.o(i.HAL_MspInit)
    i.HAL_NVIC_DisableIRQ                    0x08001194   Section        0  stm32f4xx_hal_cortex.o(i.HAL_NVIC_DisableIRQ)
    i.HAL_NVIC_EnableIRQ                     0x080011aa   Section        0  stm32f4xx_hal_cortex.o(i.HAL_NVIC_EnableIRQ)
    i.HAL_NVIC_SetPriority                   0x080011c0   Section        0  stm32f4xx_hal_cortex.o(i.HAL_NVIC_SetPriority)
    i.HAL_NVIC_SetPriorityGrouping           0x08001200   Section        0  stm32f4xx_hal_cortex.o(i.HAL_NVIC_SetPriorityGrouping)
    i.HAL_RCC_ClockConfig                    0x08001224   Section        0  stm32f4xx_hal_rcc.o(i.HAL_RCC_ClockConfig)
    i.HAL_RCC_GetHCLKFreq                    0x08001368   Section        0  stm32f4xx_hal_rcc.o(i.HAL_RCC_GetHCLKFreq)
    i.HAL_RCC_GetPCLK1Freq                   0x08001374   Section        0  stm32f4xx_hal_rcc.o(i.HAL_RCC_GetPCLK1Freq)
    i.HAL_RCC_GetPCLK2Freq                   0x08001394   Section        0  stm32f4xx_hal_rcc.o(i.HAL_RCC_GetPCLK2Freq)
    i.HAL_RCC_GetSysClockFreq                0x080013b4   Section        0  stm32f4xx_hal_rcc.o(i.HAL_RCC_GetSysClockFreq)
    i.HAL_RCC_OscConfig                      0x0800141c   Section        0  stm32f4xx_hal_rcc.o(i.HAL_RCC_OscConfig)
    i.HAL_SPI_Init                           0x08001778   Section        0  stm32f4xx_hal_spi.o(i.HAL_SPI_Init)
    i.HAL_SPI_MspInit                        0x080017fc   Section        0  spi.o(i.HAL_SPI_MspInit)
    i.HAL_SPI_Receive                        0x08001864   Section        0  stm32f4xx_hal_spi.o(i.HAL_SPI_Receive)
    i.HAL_SPI_TransmitReceive                0x080019b4   Section        0  stm32f4xx_hal_spi.o(i.HAL_SPI_TransmitReceive)
    i.HAL_SYSTICK_CLKSourceConfig            0x08001b8e   Section        0  stm32f4xx_hal_cortex.o(i.HAL_SYSTICK_CLKSourceConfig)
    i.HAL_SYSTICK_Callback                   0x08001baa   Section        0  stm32f4xx_hal_cortex.o(i.HAL_SYSTICK_Callback)
    i.HAL_SYSTICK_Config                     0x08001bac   Section        0  stm32f4xx_hal_cortex.o(i.HAL_SYSTICK_Config)
    i.HAL_SYSTICK_IRQHandler                 0x08001bd4   Section        0  stm32f4xx_hal_cortex.o(i.HAL_SYSTICK_IRQHandler)
    i.HAL_TIMEx_BreakCallback                0x08001bdc   Section        0  stm32f4xx_hal_tim_ex.o(i.HAL_TIMEx_BreakCallback)
    i.HAL_TIMEx_CommutationCallback          0x08001bde   Section        0  stm32f4xx_hal_tim_ex.o(i.HAL_TIMEx_CommutationCallback)
    i.HAL_TIMEx_MasterConfigSynchronization  0x08001be0   Section        0  stm32f4xx_hal_tim_ex.o(i.HAL_TIMEx_MasterConfigSynchronization)
    i.HAL_TIM_Base_Init                      0x08001c30   Section        0  stm32f4xx_hal_tim.o(i.HAL_TIM_Base_Init)
    i.HAL_TIM_Base_MspInit                   0x08001c68   Section        0  tim.o(i.HAL_TIM_Base_MspInit)
    i.HAL_TIM_Base_Start_IT                  0x08001ccc   Section        0  stm32f4xx_hal_tim.o(i.HAL_TIM_Base_Start_IT)
    i.HAL_TIM_Base_Stop_IT                   0x08001ce4   Section        0  stm32f4xx_hal_tim.o(i.HAL_TIM_Base_Stop_IT)
    i.HAL_TIM_ConfigClockSource              0x08001d0e   Section        0  stm32f4xx_hal_tim.o(i.HAL_TIM_ConfigClockSource)
    i.HAL_TIM_IC_CaptureCallback             0x08001e1c   Section        0  stm32f4xx_hal_tim.o(i.HAL_TIM_IC_CaptureCallback)
    i.HAL_TIM_IRQHandler                     0x08001e1e   Section        0  stm32f4xx_hal_tim.o(i.HAL_TIM_IRQHandler)
    i.HAL_TIM_OC_DelayElapsedCallback        0x08001f8c   Section        0  stm32f4xx_hal_tim.o(i.HAL_TIM_OC_DelayElapsedCallback)
    i.HAL_TIM_PWM_PulseFinishedCallback      0x08001f8e   Section        0  stm32f4xx_hal_tim.o(i.HAL_TIM_PWM_PulseFinishedCallback)
    i.HAL_TIM_PeriodElapsedCallback          0x08001f90   Section        0  bsp_time.o(i.HAL_TIM_PeriodElapsedCallback)
    i.HAL_TIM_TriggerCallback                0x08001fd4   Section        0  stm32f4xx_hal_tim.o(i.HAL_TIM_TriggerCallback)
    i.HAL_UART_ErrorCallback                 0x08001fd6   Section        0  stm32f4xx_hal_uart.o(i.HAL_UART_ErrorCallback)
    i.HAL_UART_IRQHandler                    0x08001fd8   Section        0  stm32f4xx_hal_uart.o(i.HAL_UART_IRQHandler)
    i.HAL_UART_Init                          0x080020e8   Section        0  stm32f4xx_hal_uart.o(i.HAL_UART_Init)
    i.HAL_UART_MspInit                       0x0800214c   Section        0  usart.o(i.HAL_UART_MspInit)
    i.HAL_UART_Receive_IT                    0x08002290   Section        0  stm32f4xx_hal_uart.o(i.HAL_UART_Receive_IT)
    i.HAL_UART_RxCpltCallback                0x080022dc   Section        0  bsp_uart.o(i.HAL_UART_RxCpltCallback)
    i.HAL_UART_Transmit_DMA                  0x08002354   Section        0  stm32f4xx_hal_uart.o(i.HAL_UART_Transmit_DMA)
    i.HAL_UART_TxCpltCallback                0x080023e0   Section        0  bsp_dmasend.o(i.HAL_UART_TxCpltCallback)
    i.HAL_UART_TxHalfCpltCallback            0x080023ec   Section        0  stm32f4xx_hal_uart.o(i.HAL_UART_TxHalfCpltCallback)
    i.HardFault_Handler                      0x080023ee   Section        0  stm32f4xx_it.o(i.HardFault_Handler)
    i.Interal_Flash_ReadByByte               0x080023f0   Section        0  bsp_interal_flash.o(i.Interal_Flash_ReadByByte)
    i.Interal_Flash_WriteByByte              0x08002404   Section        0  bsp_interal_flash.o(i.Interal_Flash_WriteByByte)
    i.LED_Time_Callback                      0x080024a8   Section        0  bsp_led.o(i.LED_Time_Callback)
    i.LED_Toggle                             0x080024c8   Section        0  bsp_led.o(i.LED_Toggle)
    LED_Toggle                               0x080024c9   Thumb Code     8  bsp_led.o(i.LED_Toggle)
    i.MX_DMA_Init                            0x080024d4   Section        0  dma.o(i.MX_DMA_Init)
    i.MX_GPIO_Init                           0x08002520   Section        0  gpio.o(i.MX_GPIO_Init)
    i.MX_SPI1_Init                           0x0800263c   Section        0  spi.o(i.MX_SPI1_Init)
    i.MX_TIM2_Init                           0x08002698   Section        0  tim.o(i.MX_TIM2_Init)
    i.MX_TIM3_Init                           0x0800270c   Section        0  tim.o(i.MX_TIM3_Init)
    i.MX_USART1_UART_Init                    0x08002780   Section        0  usart.o(i.MX_USART1_UART_Init)
    i.MX_USART2_UART_Init                    0x080027cc   Section        0  usart.o(i.MX_USART2_UART_Init)
    i.MemManage_Handler                      0x08002818   Section        0  stm32f4xx_it.o(i.MemManage_Handler)
    i.ModifyTempConfig                       0x0800281a   Section        0  bsp_config.o(i.ModifyTempConfig)
    i.Ms5540_GetW2C                          0x08002842   Section        0  bsp_ms5540b.o(i.Ms5540_GetW2C)
    i.Ms5540_Init                            0x0800289e   Section        0  bsp_ms5540b.o(i.Ms5540_Init)
    i.NMI_Handler                            0x080028a2   Section        0  stm32f4xx_it.o(i.NMI_Handler)
    i.NVIC_SetPriority                       0x080028a4   Section        0  stm32f4xx_hal_cortex.o(i.NVIC_SetPriority)
    NVIC_SetPriority                         0x080028a5   Thumb Code    32  stm32f4xx_hal_cortex.o(i.NVIC_SetPriority)
    i.PendSV_Handler                         0x080028c4   Section        0  stm32f4xx_it.o(i.PendSV_Handler)
    i.ProtocolFrame_Check                    0x080028c6   Section        0  bsp_uartprotocl.o(i.ProtocolFrame_Check)
    i.ProtocolFrame_Init                     0x08002970   Section        0  bsp_uartprotocl.o(i.ProtocolFrame_Init)
    i.SPI_CheckFlag_BSY                      0x08002984   Section        0  stm32f4xx_hal_spi.o(i.SPI_CheckFlag_BSY)
    SPI_CheckFlag_BSY                        0x08002985   Thumb Code    36  stm32f4xx_hal_spi.o(i.SPI_CheckFlag_BSY)
    i.SPI_WaitFlagStateUntilTimeout          0x080029a8   Section        0  stm32f4xx_hal_spi.o(i.SPI_WaitFlagStateUntilTimeout)
    SPI_WaitFlagStateUntilTimeout            0x080029a9   Thumb Code   148  stm32f4xx_hal_spi.o(i.SPI_WaitFlagStateUntilTimeout)
    i.SVC_Handler                            0x08002a3c   Section        0  stm32f4xx_it.o(i.SVC_Handler)
    i.SerialGet16                            0x08002a3e   Section        0  bsp_ms5540b.o(i.SerialGet16)
    i.SerialSendLsbFirst                     0x08002a70   Section        0  bsp_ms5540b.o(i.SerialSendLsbFirst)
    i.SysTick_Handler                        0x08002aac   Section        0  stm32f4xx_it.o(i.SysTick_Handler)
    i.SystemClock_Config                     0x08002abc   Section        0  main.o(i.SystemClock_Config)
    i.SystemInit                             0x08002b80   Section        0  system_stm32f4xx.o(i.SystemInit)
    i.TIM2_IRQHandler                        0x08002bd4   Section        0  stm32f4xx_it.o(i.TIM2_IRQHandler)
    i.TIM3_IRQHandler                        0x08002be0   Section        0  stm32f4xx_it.o(i.TIM3_IRQHandler)
    i.TIM_Base_SetConfig                     0x08002bec   Section        0  stm32f4xx_hal_tim.o(i.TIM_Base_SetConfig)
    i.TIM_ETR_SetConfig                      0x08002cb0   Section        0  stm32f4xx_hal_tim.o(i.TIM_ETR_SetConfig)
    TIM_ETR_SetConfig                        0x08002cb1   Thumb Code    20  stm32f4xx_hal_tim.o(i.TIM_ETR_SetConfig)
    i.TIM_ITRx_SetConfig                     0x08002cc4   Section        0  stm32f4xx_hal_tim.o(i.TIM_ITRx_SetConfig)
    TIM_ITRx_SetConfig                       0x08002cc5   Thumb Code    16  stm32f4xx_hal_tim.o(i.TIM_ITRx_SetConfig)
    i.TIM_TI1_ConfigInputStage               0x08002cd4   Section        0  stm32f4xx_hal_tim.o(i.TIM_TI1_ConfigInputStage)
    TIM_TI1_ConfigInputStage                 0x08002cd5   Thumb Code    34  stm32f4xx_hal_tim.o(i.TIM_TI1_ConfigInputStage)
    i.TIM_TI2_ConfigInputStage               0x08002cf6   Section        0  stm32f4xx_hal_tim.o(i.TIM_TI2_ConfigInputStage)
    TIM_TI2_ConfigInputStage                 0x08002cf7   Thumb Code    36  stm32f4xx_hal_tim.o(i.TIM_TI2_ConfigInputStage)
    i.UART_DMAAbortOnError                   0x08002d1a   Section        0  stm32f4xx_hal_uart.o(i.UART_DMAAbortOnError)
    UART_DMAAbortOnError                     0x08002d1b   Thumb Code    16  stm32f4xx_hal_uart.o(i.UART_DMAAbortOnError)
    i.UART_DMAError                          0x08002d2a   Section        0  stm32f4xx_hal_uart.o(i.UART_DMAError)
    UART_DMAError                            0x08002d2b   Thumb Code    74  stm32f4xx_hal_uart.o(i.UART_DMAError)
    i.UART_DMATransmitCplt                   0x08002d74   Section        0  stm32f4xx_hal_uart.o(i.UART_DMATransmitCplt)
    UART_DMATransmitCplt                     0x08002d75   Thumb Code    46  stm32f4xx_hal_uart.o(i.UART_DMATransmitCplt)
    i.UART_DMATxHalfCplt                     0x08002da2   Section        0  stm32f4xx_hal_uart.o(i.UART_DMATxHalfCplt)
    UART_DMATxHalfCplt                       0x08002da3   Thumb Code    10  stm32f4xx_hal_uart.o(i.UART_DMATxHalfCplt)
    i.UART_EndRxTransfer                     0x08002dac   Section        0  stm32f4xx_hal_uart.o(i.UART_EndRxTransfer)
    UART_EndRxTransfer                       0x08002dad   Thumb Code    28  stm32f4xx_hal_uart.o(i.UART_EndRxTransfer)
    i.UART_EndTransmit_IT                    0x08002dc8   Section        0  stm32f4xx_hal_uart.o(i.UART_EndTransmit_IT)
    UART_EndTransmit_IT                      0x08002dc9   Thumb Code    26  stm32f4xx_hal_uart.o(i.UART_EndTransmit_IT)
    i.UART_EndTxTransfer                     0x08002de2   Section        0  stm32f4xx_hal_uart.o(i.UART_EndTxTransfer)
    UART_EndTxTransfer                       0x08002de3   Thumb Code    18  stm32f4xx_hal_uart.o(i.UART_EndTxTransfer)
    i.UART_Receive_IT                        0x08002df4   Section        0  stm32f4xx_hal_uart.o(i.UART_Receive_IT)
    UART_Receive_IT                          0x08002df5   Thumb Code   146  stm32f4xx_hal_uart.o(i.UART_Receive_IT)
    i.UART_SetConfig                         0x08002e88   Section        0  stm32f4xx_hal_uart.o(i.UART_SetConfig)
    UART_SetConfig                           0x08002e89   Thumb Code   780  stm32f4xx_hal_uart.o(i.UART_SetConfig)
    i.UART_Transmit_IT                       0x0800319c   Section        0  stm32f4xx_hal_uart.o(i.UART_Transmit_IT)
    UART_Transmit_IT                         0x0800319d   Thumb Code   102  stm32f4xx_hal_uart.o(i.UART_Transmit_IT)
    i.USART1_IRQHandler                      0x08003204   Section        0  stm32f4xx_it.o(i.USART1_IRQHandler)
    i.USART2_IRQHandler                      0x08003210   Section        0  stm32f4xx_it.o(i.USART2_IRQHandler)
    i.Uart2_Send                             0x0800321c   Section        0  bsp_uart.o(i.Uart2_Send)
    i.UartReceiveServer                      0x0800322c   Section        0  bsp_uartprotocl.o(i.UartReceiveServer)
    i.UartReceiveServer1                     0x08003240   Section        0  bsp_uartprotocl.o(i.UartReceiveServer1)
    i.UartReceiveServer2                     0x08003264   Section        0  bsp_uartprotocl.o(i.UartReceiveServer2)
    i.Uart_ReadAByteFromFifo                 0x0800339c   Section        0  bsp_uart.o(i.Uart_ReadAByteFromFifo)
    i.Uart_ReadAByteFromRxFifo               0x080033ca   Section        0  bsp_uart.o(i.Uart_ReadAByteFromRxFifo)
    i.Uart_Receive_Start                     0x080033ce   Section        0  bsp_uart.o(i.Uart_Receive_Start)
    i.UsageFault_Handler                     0x080033da   Section        0  stm32f4xx_it.o(i.UsageFault_Handler)
    i._Error_Handler                         0x080033dc   Section        0  main.o(i._Error_Handler)
    i.__0printf$bare                         0x080033e0   Section        0  printfb.o(i.__0printf$bare)
    i.__scatterload_copy                     0x080033f0   Section       14  handlers.o(i.__scatterload_copy)
    i.__scatterload_null                     0x080033fe   Section        2  handlers.o(i.__scatterload_null)
    i.__scatterload_zeroinit                 0x08003400   Section       14  handlers.o(i.__scatterload_zeroinit)
    i._printf_core                           0x0800340e   Section        0  printfb.o(i._printf_core)
    _printf_core                             0x0800340f   Thumb Code    34  printfb.o(i._printf_core)
    i.fputc                                  0x08003430   Section        0  bsp_uart.o(i.fputc)
    i.getDOUT                                0x08003448   Section        0  bsp_ms5540b.o(i.getDOUT)
    i.getW                                   0x08003468   Section        0  bsp_ms5540b.o(i.getW)
    i.main                                   0x080034e8   Section        0  main.o(i.main)
    i.reset                                  0x080036d8   Section        0  bsp_ms5540b.o(i.reset)
    i.setDIN                                 0x080036f8   Section        0  bsp_ms5540b.o(i.setDIN)
    i.setSCLK                                0x08003718   Section        0  bsp_ms5540b.o(i.setSCLK)
    .constdata                               0x08003738   Section       16  system_stm32f4xx.o(.constdata)
    .constdata                               0x08003748   Section        8  system_stm32f4xx.o(.constdata)
    .constdata                               0x08003750   Section        8  stm32f4xx_hal_dma.o(.constdata)
    flagBitshiftOffset                       0x08003750   Data           8  stm32f4xx_hal_dma.o(.constdata)
    .data                                    0x20000000   Section        4  bsp_led.o(.data)
    .data                                    0x20000004   Section       24  bsp_uart.o(.data)
    .data                                    0x2000001c   Section       24  bsp_uart.o(.data)
    .data                                    0x20000034   Section        8  bsp_uart.o(.data)
    .data                                    0x2000003c   Section        1  bsp_ad7606.o(.data)
    .data                                    0x20000040   Section        4  bsp_interal_flash.o(.data)
    .data                                    0x20000044   Section       12  bsp_time.o(.data)
    .data                                    0x20000050   Section        2  main.o(.data)
    i                                        0x20000050   Data           2  main.o(.data)
    .data                                    0x20000054   Section       16  bsp_config.o(.data)
    .data                                    0x20000064   Section        4  system_stm32f4xx.o(.data)
    .data                                    0x20000068   Section        4  stm32f4xx_hal.o(.data)
    .data                                    0x2000006c   Section        4  stdout.o(.data)
    .bss                                     0x20000070   Section      128  bsp_uart.o(.bss)
    .bss                                     0x200000f0   Section      128  bsp_uart.o(.bss)
    .bss                                     0x20000170   Section       48  bsp_uartprotocl.o(.bss)
    .bss                                     0x200001a0   Section       16  bsp_ad7606.o(.bss)
    .bss                                     0x200001b0   Section       88  spi.o(.bss)
    .bss                                     0x20000208   Section       30  main.o(.bss)
    tmp_sendbuf                              0x20000208   Data          30  main.o(.bss)
    .bss                                     0x20000228   Section      320  usart.o(.bss)
    .bss                                     0x20000368   Section      120  tim.o(.bss)
    .bss                                     0x200003e0   Section       16  bsp_config.o(.bss)
    .bss                                     0x200003f0   Section      136  bsp_calculation.o(.bss)
    .bss                                     0x20000478   Section      398  bsp_buildframe.o(.bss)
    .bss                                     0x20000608   Section      136  bsp_dmasend.o(.bss)
    .bss                                     0x20000690   Section       68  bsp_ms5540b.o(.bss)
    .bss                                     0x200006d8   Section       80  bsp_adder.o(.bss)
    .bss                                     0x20000728   Section       32  stm32f4xx_hal_flash.o(.bss)
    STACK                                    0x20000748   Section    40960  startup_stm32f405xx.o(STACK)

    Global Symbols

    Symbol Name                              Value     Ov Type        Size  Object(Section)

    BuildAttributes$$THM_ISAv4$E$P$D$K$B$S$7EM$VFPi3$EXTD16$VFPS$VFMA$PE$A:L22UL41UL21$X:L11$S22US41US21$IEEE1$IW$USESV6$~STKCKD$USESV7$~SHL$OSPACE$ROPI$EBA8$MICROLIB$REQ8$PRES8$EABIv2 0x00000000   Number         0  anon$$obj.o ABSOLUTE
    __ARM_use_no_argv                        0x00000000   Number         0  main.o ABSOLUTE
    __cpp_initialize__aeabi_                  - Undefined Weak Reference
    __cxa_finalize                            - Undefined Weak Reference
    __decompress                              - Undefined Weak Reference
    _clock_init                               - Undefined Weak Reference
    _microlib_exit                            - Undefined Weak Reference
    __Vectors_Size                           0x00000188   Number         0  startup_stm32f405xx.o ABSOLUTE
    __Vectors                                0x08000000   Data           4  startup_stm32f405xx.o(RESET)
    __Vectors_End                            0x08000188   Data           0  startup_stm32f405xx.o(RESET)
    __main                                   0x08000189   Thumb Code     0  entry.o(.ARM.Collect$$$$00000000)
    _main_stk                                0x08000189   Thumb Code     0  entry2.o(.ARM.Collect$$$$00000001)
    _main_scatterload                        0x0800018d   Thumb Code     0  entry5.o(.ARM.Collect$$$$00000004)
    __main_after_scatterload                 0x08000191   Thumb Code     0  entry5.o(.ARM.Collect$$$$00000004)
    _main_clock                              0x08000191   Thumb Code     0  entry7b.o(.ARM.Collect$$$$00000008)
    _main_cpp_init                           0x08000191   Thumb Code     0  entry8b.o(.ARM.Collect$$$$0000000A)
    _main_init                               0x08000191   Thumb Code     0  entry9a.o(.ARM.Collect$$$$0000000B)
    __rt_final_cpp                           0x08000199   Thumb Code     0  entry10a.o(.ARM.Collect$$$$0000000D)
    __rt_final_exit                          0x08000199   Thumb Code     0  entry11a.o(.ARM.Collect$$$$0000000F)
    Reset_Handler                            0x0800019d   Thumb Code     8  startup_stm32f405xx.o(.text)
    ADC_IRQHandler                           0x080001b7   Thumb Code     0  startup_stm32f405xx.o(.text)
    CAN1_RX0_IRQHandler                      0x080001b7   Thumb Code     0  startup_stm32f405xx.o(.text)
    CAN1_RX1_IRQHandler                      0x080001b7   Thumb Code     0  startup_stm32f405xx.o(.text)
    CAN1_SCE_IRQHandler                      0x080001b7   Thumb Code     0  startup_stm32f405xx.o(.text)
    CAN1_TX_IRQHandler                       0x080001b7   Thumb Code     0  startup_stm32f405xx.o(.text)
    CAN2_RX0_IRQHandler                      0x080001b7   Thumb Code     0  startup_stm32f405xx.o(.text)
    CAN2_RX1_IRQHandler                      0x080001b7   Thumb Code     0  startup_stm32f405xx.o(.text)
    CAN2_SCE_IRQHandler                      0x080001b7   Thumb Code     0  startup_stm32f405xx.o(.text)
    CAN2_TX_IRQHandler                       0x080001b7   Thumb Code     0  startup_stm32f405xx.o(.text)
    DMA1_Stream0_IRQHandler                  0x080001b7   Thumb Code     0  startup_stm32f405xx.o(.text)
    DMA1_Stream1_IRQHandler                  0x080001b7   Thumb Code     0  startup_stm32f405xx.o(.text)
    DMA1_Stream2_IRQHandler                  0x080001b7   Thumb Code     0  startup_stm32f405xx.o(.text)
    DMA1_Stream3_IRQHandler                  0x080001b7   Thumb Code     0  startup_stm32f405xx.o(.text)
    DMA1_Stream4_IRQHandler                  0x080001b7   Thumb Code     0  startup_stm32f405xx.o(.text)
    DMA1_Stream5_IRQHandler                  0x080001b7   Thumb Code     0  startup_stm32f405xx.o(.text)
    DMA1_Stream7_IRQHandler                  0x080001b7   Thumb Code     0  startup_stm32f405xx.o(.text)
    DMA2_Stream0_IRQHandler                  0x080001b7   Thumb Code     0  startup_stm32f405xx.o(.text)
    DMA2_Stream1_IRQHandler                  0x080001b7   Thumb Code     0  startup_stm32f405xx.o(.text)
    DMA2_Stream2_IRQHandler                  0x080001b7   Thumb Code     0  startup_stm32f405xx.o(.text)
    DMA2_Stream3_IRQHandler                  0x080001b7   Thumb Code     0  startup_stm32f405xx.o(.text)
    DMA2_Stream4_IRQHandler                  0x080001b7   Thumb Code     0  startup_stm32f405xx.o(.text)
    DMA2_Stream5_IRQHandler                  0x080001b7   Thumb Code     0  startup_stm32f405xx.o(.text)
    DMA2_Stream6_IRQHandler                  0x080001b7   Thumb Code     0  startup_stm32f405xx.o(.text)
    EXTI0_IRQHandler                         0x080001b7   Thumb Code     0  startup_stm32f405xx.o(.text)
    EXTI15_10_IRQHandler                     0x080001b7   Thumb Code     0  startup_stm32f405xx.o(.text)
    EXTI1_IRQHandler                         0x080001b7   Thumb Code     0  startup_stm32f405xx.o(.text)
    EXTI2_IRQHandler                         0x080001b7   Thumb Code     0  startup_stm32f405xx.o(.text)
    EXTI3_IRQHandler                         0x080001b7   Thumb Code     0  startup_stm32f405xx.o(.text)
    EXTI4_IRQHandler                         0x080001b7   Thumb Code     0  startup_stm32f405xx.o(.text)
    EXTI9_5_IRQHandler                       0x080001b7   Thumb Code     0  startup_stm32f405xx.o(.text)
    FLASH_IRQHandler                         0x080001b7   Thumb Code     0  startup_stm32f405xx.o(.text)
    FMC_IRQHandler                           0x080001b7   Thumb Code     0  startup_stm32f405xx.o(.text)
    FPU_IRQHandler                           0x080001b7   Thumb Code     0  startup_stm32f405xx.o(.text)
    HASH_RNG_IRQHandler                      0x080001b7   Thumb Code     0  startup_stm32f405xx.o(.text)
    I2C1_ER_IRQHandler                       0x080001b7   Thumb Code     0  startup_stm32f405xx.o(.text)
    I2C1_EV_IRQHandler                       0x080001b7   Thumb Code     0  startup_stm32f405xx.o(.text)
    I2C2_ER_IRQHandler                       0x080001b7   Thumb Code     0  startup_stm32f405xx.o(.text)
    I2C2_EV_IRQHandler                       0x080001b7   Thumb Code     0  startup_stm32f405xx.o(.text)
    I2C3_ER_IRQHandler                       0x080001b7   Thumb Code     0  startup_stm32f405xx.o(.text)
    I2C3_EV_IRQHandler                       0x080001b7   Thumb Code     0  startup_stm32f405xx.o(.text)
    OTG_FS_IRQHandler                        0x080001b7   Thumb Code     0  startup_stm32f405xx.o(.text)
    OTG_FS_WKUP_IRQHandler                   0x080001b7   Thumb Code     0  startup_stm32f405xx.o(.text)
    OTG_HS_EP1_IN_IRQHandler                 0x080001b7   Thumb Code     0  startup_stm32f405xx.o(.text)
    OTG_HS_EP1_OUT_IRQHandler                0x080001b7   Thumb Code     0  startup_stm32f405xx.o(.text)
    OTG_HS_IRQHandler                        0x080001b7   Thumb Code     0  startup_stm32f405xx.o(.text)
    OTG_HS_WKUP_IRQHandler                   0x080001b7   Thumb Code     0  startup_stm32f405xx.o(.text)
    PVD_IRQHandler                           0x080001b7   Thumb Code     0  startup_stm32f405xx.o(.text)
    RCC_IRQHandler                           0x080001b7   Thumb Code     0  startup_stm32f405xx.o(.text)
    RTC_Alarm_IRQHandler                     0x080001b7   Thumb Code     0  startup_stm32f405xx.o(.text)
    RTC_WKUP_IRQHandler                      0x080001b7   Thumb Code     0  startup_stm32f405xx.o(.text)
    SDIO_IRQHandler                          0x080001b7   Thumb Code     0  startup_stm32f405xx.o(.text)
    SPI1_IRQHandler                          0x080001b7   Thumb Code     0  startup_stm32f405xx.o(.text)
    SPI2_IRQHandler                          0x080001b7   Thumb Code     0  startup_stm32f405xx.o(.text)
    SPI3_IRQHandler                          0x080001b7   Thumb Code     0  startup_stm32f405xx.o(.text)
    TAMP_STAMP_IRQHandler                    0x080001b7   Thumb Code     0  startup_stm32f405xx.o(.text)
    TIM1_BRK_TIM9_IRQHandler                 0x080001b7   Thumb Code     0  startup_stm32f405xx.o(.text)
    TIM1_CC_IRQHandler                       0x080001b7   Thumb Code     0  startup_stm32f405xx.o(.text)
    TIM1_TRG_COM_TIM11_IRQHandler            0x080001b7   Thumb Code     0  startup_stm32f405xx.o(.text)
    TIM1_UP_TIM10_IRQHandler                 0x080001b7   Thumb Code     0  startup_stm32f405xx.o(.text)
    TIM4_IRQHandler                          0x080001b7   Thumb Code     0  startup_stm32f405xx.o(.text)
    TIM5_IRQHandler                          0x080001b7   Thumb Code     0  startup_stm32f405xx.o(.text)
    TIM6_DAC_IRQHandler                      0x080001b7   Thumb Code     0  startup_stm32f405xx.o(.text)
    TIM7_IRQHandler                          0x080001b7   Thumb Code     0  startup_stm32f405xx.o(.text)
    TIM8_BRK_TIM12_IRQHandler                0x080001b7   Thumb Code     0  startup_stm32f405xx.o(.text)
    TIM8_CC_IRQHandler                       0x080001b7   Thumb Code     0  startup_stm32f405xx.o(.text)
    TIM8_TRG_COM_TIM14_IRQHandler            0x080001b7   Thumb Code     0  startup_stm32f405xx.o(.text)
    TIM8_UP_TIM13_IRQHandler                 0x080001b7   Thumb Code     0  startup_stm32f405xx.o(.text)
    UART4_IRQHandler                         0x080001b7   Thumb Code     0  startup_stm32f405xx.o(.text)
    UART5_IRQHandler                         0x080001b7   Thumb Code     0  startup_stm32f405xx.o(.text)
    USART3_IRQHandler                        0x080001b7   Thumb Code     0  startup_stm32f405xx.o(.text)
    USART6_IRQHandler                        0x080001b7   Thumb Code     0  startup_stm32f405xx.o(.text)
    WWDG_IRQHandler                          0x080001b7   Thumb Code     0  startup_stm32f405xx.o(.text)
    __aeabi_uldivmod                         0x080001c1   Thumb Code    98  uldiv.o(.text)
    __aeabi_memcpy                           0x08000223   Thumb Code    36  memcpya.o(.text)
    __aeabi_memcpy4                          0x08000223   Thumb Code     0  memcpya.o(.text)
    __aeabi_memcpy8                          0x08000223   Thumb Code     0  memcpya.o(.text)
    __aeabi_memset                           0x08000247   Thumb Code    14  memseta.o(.text)
    __aeabi_memset4                          0x08000247   Thumb Code     0  memseta.o(.text)
    __aeabi_memset8                          0x08000247   Thumb Code     0  memseta.o(.text)
    __aeabi_memclr                           0x08000255   Thumb Code     4  memseta.o(.text)
    __aeabi_memclr4                          0x08000255   Thumb Code     0  memseta.o(.text)
    __aeabi_memclr8                          0x08000255   Thumb Code     0  memseta.o(.text)
    _memset$wrapper                          0x08000259   Thumb Code    18  memseta.o(.text)
    __aeabi_llsl                             0x0800026b   Thumb Code    30  llshl.o(.text)
    _ll_shift_l                              0x0800026b   Thumb Code     0  llshl.o(.text)
    __aeabi_llsr                             0x08000289   Thumb Code    32  llushr.o(.text)
    _ll_ushift_r                             0x08000289   Thumb Code     0  llushr.o(.text)
    __scatterload                            0x080002a9   Thumb Code    28  init.o(.text)
    __scatterload_rt2                        0x080002a9   Thumb Code     0  init.o(.text)
    AD7606_Init                              0x080002cd   Thumb Code    34  bsp_ad7606.o(i.AD7606_Init)
    AD7606_Is_Busy_Low                       0x080002f5   Thumb Code    20  bsp_ad7606.o(i.AD7606_Is_Busy_Low)
    AD7606_Read8Channel                      0x0800030d   Thumb Code    58  bsp_ad7606.o(i.AD7606_Read8Channel)
    AD7606_Reset                             0x08000351   Thumb Code    76  bsp_ad7606.o(i.AD7606_Reset)
    AD7606_SetOS                             0x080003a5   Thumb Code   306  bsp_ad7606.o(i.AD7606_SetOS)
    AD7606_StartConv                         0x080004e1   Thumb Code    38  bsp_ad7606.o(i.AD7606_StartConv)
    ADC_Frequency_Modify                     0x0800050d   Thumb Code    36  bsp_ad7606.o(i.ADC_Frequency_Modify)
    ADC_Sample_Callback                      0x08000539   Thumb Code    26  bsp_ad7606.o(i.ADC_Sample_Callback)
    AdcAdder_Init                            0x0800055d   Thumb Code    36  bsp_adder.o(i.AdcAdder_Init)
    BuildFrame_Init                          0x08000581   Thumb Code    84  bsp_buildframe.o(i.BuildFrame_Init)
    BusFault_Handler                         0x080005d5   Thumb Code     2  stm32f4xx_it.o(i.BusFault_Handler)
    CalculationInit                          0x080005d7   Thumb Code    40  bsp_calculation.o(i.CalculationInit)
    DMA1_Stream6_IRQHandler                  0x08000601   Thumb Code     6  stm32f4xx_it.o(i.DMA1_Stream6_IRQHandler)
    DMA2_Stream7_IRQHandler                  0x0800060d   Thumb Code     6  stm32f4xx_it.o(i.DMA2_Stream7_IRQHandler)
    DebugMon_Handler                         0x080006e7   Thumb Code     2  stm32f4xx_it.o(i.DebugMon_Handler)
    DmaSend                                  0x080006e9   Thumb Code    40  bsp_dmasend.o(i.DmaSend)
    DmaSendInit                              0x08000711   Thumb Code    22  bsp_dmasend.o(i.DmaSendInit)
    FLASH_Erase_Sector                       0x08000729   Thumb Code    76  stm32f4xx_hal_flash_ex.o(i.FLASH_Erase_Sector)
    FLASH_FlushCaches                        0x08000779   Thumb Code    80  stm32f4xx_hal_flash_ex.o(i.FLASH_FlushCaches)
    FLASH_WaitForLastOperation               0x080008ed   Thumb Code    76  stm32f4xx_hal_flash.o(i.FLASH_WaitForLastOperation)
    HAL_DMA_Abort_IT                         0x08000a23   Thumb Code    36  stm32f4xx_hal_dma.o(i.HAL_DMA_Abort_IT)
    HAL_DMA_IRQHandler                       0x08000a49   Thumb Code   460  stm32f4xx_hal_dma.o(i.HAL_DMA_IRQHandler)
    HAL_DMA_Init                             0x08000c19   Thumb Code   208  stm32f4xx_hal_dma.o(i.HAL_DMA_Init)
    HAL_DMA_Start_IT                         0x08000ced   Thumb Code   120  stm32f4xx_hal_dma.o(i.HAL_DMA_Start_IT)
    HAL_Delay                                0x08000d65   Thumb Code    28  stm32f4xx_hal.o(i.HAL_Delay)
    HAL_FLASHEx_Erase                        0x08000d81   Thumb Code   150  stm32f4xx_hal_flash_ex.o(i.HAL_FLASHEx_Erase)
    HAL_FLASH_Lock                           0x08000e21   Thumb Code    14  stm32f4xx_hal_flash.o(i.HAL_FLASH_Lock)
    HAL_FLASH_Program                        0x08000e35   Thumb Code   116  stm32f4xx_hal_flash.o(i.HAL_FLASH_Program)
    HAL_FLASH_Unlock                         0x08000eb1   Thumb Code    32  stm32f4xx_hal_flash.o(i.HAL_FLASH_Unlock)
    HAL_GPIO_Init                            0x08000edd   Thumb Code   406  stm32f4xx_hal_gpio.o(i.HAL_GPIO_Init)
    HAL_GPIO_ReadPin                         0x080010a1   Thumb Code    14  stm32f4xx_hal_gpio.o(i.HAL_GPIO_ReadPin)
    HAL_GPIO_TogglePin                       0x080010af   Thumb Code     8  stm32f4xx_hal_gpio.o(i.HAL_GPIO_TogglePin)
    HAL_GPIO_WritePin                        0x080010b7   Thumb Code    14  stm32f4xx_hal_gpio.o(i.HAL_GPIO_WritePin)
    HAL_GetTick                              0x080010c5   Thumb Code     6  stm32f4xx_hal.o(i.HAL_GetTick)
    HAL_IncTick                              0x080010d1   Thumb Code    10  stm32f4xx_hal.o(i.HAL_IncTick)
    HAL_Init                                 0x080010e1   Thumb Code    48  stm32f4xx_hal.o(i.HAL_Init)
    HAL_InitTick                             0x08001115   Thumb Code    34  stm32f4xx_hal.o(i.HAL_InitTick)
    HAL_MspInit                              0x0800113d   Thumb Code    88  stm32f4xx_hal_msp.o(i.HAL_MspInit)
    HAL_NVIC_DisableIRQ                      0x08001195   Thumb Code    22  stm32f4xx_hal_cortex.o(i.HAL_NVIC_DisableIRQ)
    HAL_NVIC_EnableIRQ                       0x080011ab   Thumb Code    22  stm32f4xx_hal_cortex.o(i.HAL_NVIC_EnableIRQ)
    HAL_NVIC_SetPriority                     0x080011c1   Thumb Code    60  stm32f4xx_hal_cortex.o(i.HAL_NVIC_SetPriority)
    HAL_NVIC_SetPriorityGrouping             0x08001201   Thumb Code    26  stm32f4xx_hal_cortex.o(i.HAL_NVIC_SetPriorityGrouping)
    HAL_RCC_ClockConfig                      0x08001225   Thumb Code   308  stm32f4xx_hal_rcc.o(i.HAL_RCC_ClockConfig)
    HAL_RCC_GetHCLKFreq                      0x08001369   Thumb Code     6  stm32f4xx_hal_rcc.o(i.HAL_RCC_GetHCLKFreq)
    HAL_RCC_GetPCLK1Freq                     0x08001375   Thumb Code    22  stm32f4xx_hal_rcc.o(i.HAL_RCC_GetPCLK1Freq)
    HAL_RCC_GetPCLK2Freq                     0x08001395   Thumb Code    22  stm32f4xx_hal_rcc.o(i.HAL_RCC_GetPCLK2Freq)
    HAL_RCC_GetSysClockFreq                  0x080013b5   Thumb Code    94  stm32f4xx_hal_rcc.o(i.HAL_RCC_GetSysClockFreq)
    HAL_RCC_OscConfig                        0x0800141d   Thumb Code   844  stm32f4xx_hal_rcc.o(i.HAL_RCC_OscConfig)
    HAL_SPI_Init                             0x08001779   Thumb Code   130  stm32f4xx_hal_spi.o(i.HAL_SPI_Init)
    HAL_SPI_MspInit                          0x080017fd   Thumb Code    92  spi.o(i.HAL_SPI_MspInit)
    HAL_SPI_Receive                          0x08001865   Thumb Code   336  stm32f4xx_hal_spi.o(i.HAL_SPI_Receive)
    HAL_SPI_TransmitReceive                  0x080019b5   Thumb Code   474  stm32f4xx_hal_spi.o(i.HAL_SPI_TransmitReceive)
    HAL_SYSTICK_CLKSourceConfig              0x08001b8f   Thumb Code    28  stm32f4xx_hal_cortex.o(i.HAL_SYSTICK_CLKSourceConfig)
    HAL_SYSTICK_Callback                     0x08001bab   Thumb Code     2  stm32f4xx_hal_cortex.o(i.HAL_SYSTICK_Callback)
    HAL_SYSTICK_Config                       0x08001bad   Thumb Code    40  stm32f4xx_hal_cortex.o(i.HAL_SYSTICK_Config)
    HAL_SYSTICK_IRQHandler                   0x08001bd5   Thumb Code     8  stm32f4xx_hal_cortex.o(i.HAL_SYSTICK_IRQHandler)
    HAL_TIMEx_BreakCallback                  0x08001bdd   Thumb Code     2  stm32f4xx_hal_tim_ex.o(i.HAL_TIMEx_BreakCallback)
    HAL_TIMEx_CommutationCallback            0x08001bdf   Thumb Code     2  stm32f4xx_hal_tim_ex.o(i.HAL_TIMEx_CommutationCallback)
    HAL_TIMEx_MasterConfigSynchronization    0x08001be1   Thumb Code    80  stm32f4xx_hal_tim_ex.o(i.HAL_TIMEx_MasterConfigSynchronization)
    HAL_TIM_Base_Init                        0x08001c31   Thumb Code    56  stm32f4xx_hal_tim.o(i.HAL_TIM_Base_Init)
    HAL_TIM_Base_MspInit                     0x08001c69   Thumb Code    92  tim.o(i.HAL_TIM_Base_MspInit)
    HAL_TIM_Base_Start_IT                    0x08001ccd   Thumb Code    24  stm32f4xx_hal_tim.o(i.HAL_TIM_Base_Start_IT)
    HAL_TIM_Base_Stop_IT                     0x08001ce5   Thumb Code    42  stm32f4xx_hal_tim.o(i.HAL_TIM_Base_Stop_IT)
    HAL_TIM_ConfigClockSource                0x08001d0f   Thumb Code   270  stm32f4xx_hal_tim.o(i.HAL_TIM_ConfigClockSource)
    HAL_TIM_IC_CaptureCallback               0x08001e1d   Thumb Code     2  stm32f4xx_hal_tim.o(i.HAL_TIM_IC_CaptureCallback)
    HAL_TIM_IRQHandler                       0x08001e1f   Thumb Code   366  stm32f4xx_hal_tim.o(i.HAL_TIM_IRQHandler)
    HAL_TIM_OC_DelayElapsedCallback          0x08001f8d   Thumb Code     2  stm32f4xx_hal_tim.o(i.HAL_TIM_OC_DelayElapsedCallback)
    HAL_TIM_PWM_PulseFinishedCallback        0x08001f8f   Thumb Code     2  stm32f4xx_hal_tim.o(i.HAL_TIM_PWM_PulseFinishedCallback)
    HAL_TIM_PeriodElapsedCallback            0x08001f91   Thumb Code    56  bsp_time.o(i.HAL_TIM_PeriodElapsedCallback)
    HAL_TIM_TriggerCallback                  0x08001fd5   Thumb Code     2  stm32f4xx_hal_tim.o(i.HAL_TIM_TriggerCallback)
    HAL_UART_ErrorCallback                   0x08001fd7   Thumb Code     2  stm32f4xx_hal_uart.o(i.HAL_UART_ErrorCallback)
    HAL_UART_IRQHandler                      0x08001fd9   Thumb Code   268  stm32f4xx_hal_uart.o(i.HAL_UART_IRQHandler)
    HAL_UART_Init                            0x080020e9   Thumb Code   100  stm32f4xx_hal_uart.o(i.HAL_UART_Init)
    HAL_UART_MspInit                         0x0800214d   Thumb Code   278  usart.o(i.HAL_UART_MspInit)
    HAL_UART_Receive_IT                      0x08002291   Thumb Code    76  stm32f4xx_hal_uart.o(i.HAL_UART_Receive_IT)
    HAL_UART_RxCpltCallback                  0x080022dd   Thumb Code   100  bsp_uart.o(i.HAL_UART_RxCpltCallback)
    HAL_UART_Transmit_DMA                    0x08002355   Thumb Code   126  stm32f4xx_hal_uart.o(i.HAL_UART_Transmit_DMA)
    HAL_UART_TxCpltCallback                  0x080023e1   Thumb Code     8  bsp_dmasend.o(i.HAL_UART_TxCpltCallback)
    HAL_UART_TxHalfCpltCallback              0x080023ed   Thumb Code     2  stm32f4xx_hal_uart.o(i.HAL_UART_TxHalfCpltCallback)
    HardFault_Handler                        0x080023ef   Thumb Code     2  stm32f4xx_it.o(i.HardFault_Handler)
    Interal_Flash_ReadByByte                 0x080023f1   Thumb Code    18  bsp_interal_flash.o(i.Interal_Flash_ReadByByte)
    Interal_Flash_WriteByByte                0x08002405   Thumb Code   154  bsp_interal_flash.o(i.Interal_Flash_WriteByByte)
    LED_Time_Callback                        0x080024a9   Thumb Code    28  bsp_led.o(i.LED_Time_Callback)
    MX_DMA_Init                              0x080024d5   Thumb Code    72  dma.o(i.MX_DMA_Init)
    MX_GPIO_Init                             0x08002521   Thumb Code   266  gpio.o(i.MX_GPIO_Init)
    MX_SPI1_Init                             0x0800263d   Thumb Code    66  spi.o(i.MX_SPI1_Init)
    MX_TIM2_Init                             0x08002699   Thumb Code    94  tim.o(i.MX_TIM2_Init)
    MX_TIM3_Init                             0x0800270d   Thumb Code    90  tim.o(i.MX_TIM3_Init)
    MX_USART1_UART_Init                      0x08002781   Thumb Code    52  usart.o(i.MX_USART1_UART_Init)
    MX_USART2_UART_Init                      0x080027cd   Thumb Code    52  usart.o(i.MX_USART2_UART_Init)
    MemManage_Handler                        0x08002819   Thumb Code     2  stm32f4xx_it.o(i.MemManage_Handler)
    ModifyTempConfig                         0x0800281b   Thumb Code    40  bsp_config.o(i.ModifyTempConfig)
    Ms5540_GetW2C                            0x08002843   Thumb Code    92  bsp_ms5540b.o(i.Ms5540_GetW2C)
    Ms5540_Init                              0x0800289f   Thumb Code     4  bsp_ms5540b.o(i.Ms5540_Init)
    NMI_Handler                              0x080028a3   Thumb Code     2  stm32f4xx_it.o(i.NMI_Handler)
    PendSV_Handler                           0x080028c5   Thumb Code     2  stm32f4xx_it.o(i.PendSV_Handler)
    ProtocolFrame_Check                      0x080028c7   Thumb Code   170  bsp_uartprotocl.o(i.ProtocolFrame_Check)
    ProtocolFrame_Init                       0x08002971   Thumb Code    20  bsp_uartprotocl.o(i.ProtocolFrame_Init)
    SVC_Handler                              0x08002a3d   Thumb Code     2  stm32f4xx_it.o(i.SVC_Handler)
    SerialGet16                              0x08002a3f   Thumb Code    50  bsp_ms5540b.o(i.SerialGet16)
    SerialSendLsbFirst                       0x08002a71   Thumb Code    60  bsp_ms5540b.o(i.SerialSendLsbFirst)
    SysTick_Handler                          0x08002aad   Thumb Code    14  stm32f4xx_it.o(i.SysTick_Handler)
    SystemClock_Config                       0x08002abd   Thumb Code   170  main.o(i.SystemClock_Config)
    SystemInit                               0x08002b81   Thumb Code    66  system_stm32f4xx.o(i.SystemInit)
    TIM2_IRQHandler                          0x08002bd5   Thumb Code     6  stm32f4xx_it.o(i.TIM2_IRQHandler)
    TIM3_IRQHandler                          0x08002be1   Thumb Code     6  stm32f4xx_it.o(i.TIM3_IRQHandler)
    TIM_Base_SetConfig                       0x08002bed   Thumb Code   152  stm32f4xx_hal_tim.o(i.TIM_Base_SetConfig)
    USART1_IRQHandler                        0x08003205   Thumb Code     6  stm32f4xx_it.o(i.USART1_IRQHandler)
    USART2_IRQHandler                        0x08003211   Thumb Code     6  stm32f4xx_it.o(i.USART2_IRQHandler)
    Uart2_Send                               0x0800321d   Thumb Code    10  bsp_uart.o(i.Uart2_Send)
    UartReceiveServer                        0x0800322d   Thumb Code    18  bsp_uartprotocl.o(i.UartReceiveServer)
    UartReceiveServer1                       0x08003241   Thumb Code    26  bsp_uartprotocl.o(i.UartReceiveServer1)
    UartReceiveServer2                       0x08003265   Thumb Code   140  bsp_uartprotocl.o(i.UartReceiveServer2)
    Uart_ReadAByteFromFifo                   0x0800339d   Thumb Code    46  bsp_uart.o(i.Uart_ReadAByteFromFifo)
    Uart_ReadAByteFromRxFifo                 0x080033cb   Thumb Code     4  bsp_uart.o(i.Uart_ReadAByteFromRxFifo)
    Uart_Receive_Start                       0x080033cf   Thumb Code    12  bsp_uart.o(i.Uart_Receive_Start)
    UsageFault_Handler                       0x080033db   Thumb Code     2  stm32f4xx_it.o(i.UsageFault_Handler)
    _Error_Handler                           0x080033dd   Thumb Code     2  main.o(i._Error_Handler)
    __0printf$bare                           0x080033e1   Thumb Code     8  printfb.o(i.__0printf$bare)
    __1printf$bare                           0x080033e1   Thumb Code     0  printfb.o(i.__0printf$bare)
    __2printf                                0x080033e1   Thumb Code     0  printfb.o(i.__0printf$bare)
    __scatterload_copy                       0x080033f1   Thumb Code    14  handlers.o(i.__scatterload_copy)
    __scatterload_null                       0x080033ff   Thumb Code     2  handlers.o(i.__scatterload_null)
    __scatterload_zeroinit                   0x08003401   Thumb Code    14  handlers.o(i.__scatterload_zeroinit)
    fputc                                    0x08003431   Thumb Code    20  bsp_uart.o(i.fputc)
    getDOUT                                  0x08003449   Thumb Code    26  bsp_ms5540b.o(i.getDOUT)
    getW                                     0x08003469   Thumb Code   128  bsp_ms5540b.o(i.getW)
    main                                     0x080034e9   Thumb Code   300  main.o(i.main)
    reset                                    0x080036d9   Thumb Code    30  bsp_ms5540b.o(i.reset)
    setDIN                                   0x080036f9   Thumb Code    26  bsp_ms5540b.o(i.setDIN)
    setSCLK                                  0x08003719   Thumb Code    26  bsp_ms5540b.o(i.setSCLK)
    AHBPrescTable                            0x08003738   Data          16  system_stm32f4xx.o(.constdata)
    APBPrescTable                            0x08003748   Data           8  system_stm32f4xx.o(.constdata)
    Region$$Table$$Base                      0x08003758   Number         0  anon$$obj.o(Region$$Table)
    Region$$Table$$Limit                     0x08003778   Number         0  anon$$obj.o(Region$$Table)
    Led_Cunter                               0x20000000   Data           4  bsp_led.o(.data)
    UartFifo                                 0x20000004   Data          24  bsp_uart.o(.data)
    UartFifo2                                0x2000001c   Data          24  bsp_uart.o(.data)
    Uart_Fifo_Point                          0x20000034   Data           4  bsp_uart.o(.data)
    Uart_Fifo_Point2                         0x20000038   Data           4  bsp_uart.o(.data)
    Adc_SampleOneTimeFlag                    0x2000003c   Data           1  bsp_ad7606.o(.data)
    SectorError                              0x20000040   Data           4  bsp_interal_flash.o(.data)
    Time3                                    0x20000044   Data          12  bsp_time.o(.data)
    Bsp_Config_default                       0x20000054   Data          16  bsp_config.o(.data)
    SystemCoreClock                          0x20000064   Data           4  system_stm32f4xx.o(.data)
    uwTick                                   0x20000068   Data           4  stm32f4xx_hal.o(.data)
    __stdout                                 0x2000006c   Data           4  stdout.o(.data)
    UartRxbuf                                0x20000070   Data         128  bsp_uart.o(.bss)
    UartRxbuf2                               0x200000f0   Data         128  bsp_uart.o(.bss)
    UartFrame                                0x20000170   Data          24  bsp_uartprotocl.o(.bss)
    UartFrame2                               0x20000188   Data          24  bsp_uartprotocl.o(.bss)
    Adc_CodeBytes                            0x200001a0   Data          16  bsp_ad7606.o(.bss)
    hspi1                                    0x200001b0   Data          88  spi.o(.bss)
    huart1                                   0x20000228   Data          64  usart.o(.bss)
    huart2                                   0x20000268   Data          64  usart.o(.bss)
    hdma_usart1_tx                           0x200002a8   Data          96  usart.o(.bss)
    hdma_usart2_tx                           0x20000308   Data          96  usart.o(.bss)
    htim2                                    0x20000368   Data          60  tim.o(.bss)
    htim3                                    0x200003a4   Data          60  tim.o(.bss)
    Bsp_Config                               0x200003e0   Data          16  bsp_config.o(.bss)
    Calculation                              0x200003f0   Data         136  bsp_calculation.o(.bss)
    BuildFrameC                              0x20000478   Data         398  bsp_buildframe.o(.bss)
    DmaSendMoudle                            0x20000608   Data         136  bsp_dmasend.o(.bss)
    MS5540                                   0x20000690   Data          68  bsp_ms5540b.o(.bss)
    AdcDataAdder                             0x200006d8   Data          80  bsp_adder.o(.bss)
    pFlash                                   0x20000728   Data          32  stm32f4xx_hal_flash.o(.bss)
    __initial_sp                             0x2000a748   Data           0  startup_stm32f405xx.o(STACK)



==============================================================================

Memory Map of the image

  Image Entry point : 0x08000189

  Load Region LR_IROM1 (Base: 0x08000000, Size: 0x000037e8, Max: 0x00100000, ABSOLUTE)

    Execution Region ER_IROM1 (Base: 0x08000000, Size: 0x00003778, Max: 0x00100000, ABSOLUTE)

    Base Addr    Size         Type   Attr      Idx    E Section Name        Object

    0x08000000   0x00000188   Data   RO            3    RESET               startup_stm32f405xx.o
    0x08000188   0x00000000   Code   RO         3930  * .ARM.Collect$$$$00000000  mc_w.l(entry.o)
    0x08000188   0x00000004   Code   RO         4203    .ARM.Collect$$$$00000001  mc_w.l(entry2.o)
    0x0800018c   0x00000004   Code   RO         4206    .ARM.Collect$$$$00000004  mc_w.l(entry5.o)
    0x08000190   0x00000000   Code   RO         4208    .ARM.Collect$$$$00000008  mc_w.l(entry7b.o)
    0x08000190   0x00000000   Code   RO         4210    .ARM.Collect$$$$0000000A  mc_w.l(entry8b.o)
    0x08000190   0x00000008   Code   RO         4211    .ARM.Collect$$$$0000000B  mc_w.l(entry9a.o)
    0x08000198   0x00000000   Code   RO         4213    .ARM.Collect$$$$0000000D  mc_w.l(entry10a.o)
    0x08000198   0x00000000   Code   RO         4215    .ARM.Collect$$$$0000000F  mc_w.l(entry11a.o)
    0x08000198   0x00000004   Code   RO         4204    .ARM.Collect$$$$00002712  mc_w.l(entry2.o)
    0x0800019c   0x00000024   Code   RO            4    .text               startup_stm32f405xx.o
    0x080001c0   0x00000062   Code   RO         3933    .text               mc_w.l(uldiv.o)
    0x08000222   0x00000024   Code   RO         3937    .text               mc_w.l(memcpya.o)
    0x08000246   0x00000024   Code   RO         3939    .text               mc_w.l(memseta.o)
    0x0800026a   0x0000001e   Code   RO         4220    .text               mc_w.l(llshl.o)
    0x08000288   0x00000020   Code   RO         4222    .text               mc_w.l(llushr.o)
    0x080002a8   0x00000024   Code   RO         4235    .text               mc_w.l(init.o)
    0x080002cc   0x00000028   Code   RO          332    i.AD7606_Init       bsp_ad7606.o
    0x080002f4   0x00000018   Code   RO          333    i.AD7606_Is_Busy_Low  bsp_ad7606.o
    0x0800030c   0x00000044   Code   RO          334    i.AD7606_Read8Channel  bsp_ad7606.o
    0x08000350   0x00000054   Code   RO          335    i.AD7606_Reset      bsp_ad7606.o
    0x080003a4   0x0000013c   Code   RO          336    i.AD7606_SetOS      bsp_ad7606.o
    0x080004e0   0x0000002c   Code   RO          338    i.AD7606_StartConv  bsp_ad7606.o
    0x0800050c   0x0000002c   Code   RO          339    i.ADC_Frequency_Modify  bsp_ad7606.o
    0x08000538   0x00000024   Code   RO          340    i.ADC_Sample_Callback  bsp_ad7606.o
    0x0800055c   0x00000024   Code   RO         1237    i.AdcAdder_Init     bsp_adder.o
    0x08000580   0x00000054   Code   RO         1012    i.BuildFrame_Init   bsp_buildframe.o
    0x080005d4   0x00000002   Code   RO          557    i.BusFault_Handler  stm32f4xx_it.o
    0x080005d6   0x00000028   Code   RO          944    i.CalculationInit   bsp_calculation.o
    0x080005fe   0x00000002   PAD
    0x08000600   0x0000000c   Code   RO          558    i.DMA1_Stream6_IRQHandler  stm32f4xx_it.o
    0x0800060c   0x0000000c   Code   RO          559    i.DMA2_Stream7_IRQHandler  stm32f4xx_it.o
    0x08000618   0x0000002c   Code   RO         2528    i.DMA_CalcBaseAndBitshift  stm32f4xx_hal_dma.o
    0x08000644   0x00000078   Code   RO         2529    i.DMA_CheckFifoParam  stm32f4xx_hal_dma.o
    0x080006bc   0x0000002a   Code   RO         2530    i.DMA_SetConfig     stm32f4xx_hal_dma.o
    0x080006e6   0x00000002   Code   RO          560    i.DebugMon_Handler  stm32f4xx_it.o
    0x080006e8   0x00000028   Code   RO         1057    i.DmaSend           bsp_dmasend.o
    0x08000710   0x00000016   Code   RO         1059    i.DmaSendInit       bsp_dmasend.o
    0x08000726   0x00000002   PAD
    0x08000728   0x00000050   Code   RO         1620    i.FLASH_Erase_Sector  stm32f4xx_hal_flash_ex.o
    0x08000778   0x00000054   Code   RO         1621    i.FLASH_FlushCaches  stm32f4xx_hal_flash_ex.o
    0x080007cc   0x00000028   Code   RO         1622    i.FLASH_MassErase   stm32f4xx_hal_flash_ex.o
    0x080007f4   0x00000020   Code   RO         2634    i.FLASH_Program_Byte  stm32f4xx_hal_flash.o
    0x08000814   0x00000028   Code   RO         2635    i.FLASH_Program_DoubleWord  stm32f4xx_hal_flash.o
    0x0800083c   0x00000024   Code   RO         2636    i.FLASH_Program_HalfWord  stm32f4xx_hal_flash.o
    0x08000860   0x00000024   Code   RO         2637    i.FLASH_Program_Word  stm32f4xx_hal_flash.o
    0x08000884   0x00000068   Code   RO         2638    i.FLASH_SetErrorCode  stm32f4xx_hal_flash.o
    0x080008ec   0x00000054   Code   RO         2639    i.FLASH_WaitForLastOperation  stm32f4xx_hal_flash.o
    0x08000940   0x000000bc   Code   RO          425    i.GetSector         bsp_interal_flash.o
    0x080009fc   0x00000026   Code   RO          426    i.GetSectorSize     bsp_interal_flash.o
    0x08000a22   0x00000024   Code   RO         2532    i.HAL_DMA_Abort_IT  stm32f4xx_hal_dma.o
    0x08000a46   0x00000002   PAD
    0x08000a48   0x000001d0   Code   RO         2536    i.HAL_DMA_IRQHandler  stm32f4xx_hal_dma.o
    0x08000c18   0x000000d4   Code   RO         2537    i.HAL_DMA_Init      stm32f4xx_hal_dma.o
    0x08000cec   0x00000078   Code   RO         2541    i.HAL_DMA_Start_IT  stm32f4xx_hal_dma.o
    0x08000d64   0x0000001c   Code   RO         3757    i.HAL_Delay         stm32f4xx_hal.o
    0x08000d80   0x000000a0   Code   RO         1632    i.HAL_FLASHEx_Erase  stm32f4xx_hal_flash_ex.o
    0x08000e20   0x00000014   Code   RO         2643    i.HAL_FLASH_Lock    stm32f4xx_hal_flash.o
    0x08000e34   0x0000007c   Code   RO         2648    i.HAL_FLASH_Program  stm32f4xx_hal_flash.o
    0x08000eb0   0x0000002c   Code   RO         2650    i.HAL_FLASH_Unlock  stm32f4xx_hal_flash.o
    0x08000edc   0x000001c4   Code   RO         1318    i.HAL_GPIO_Init     stm32f4xx_hal_gpio.o
    0x080010a0   0x0000000e   Code   RO         1320    i.HAL_GPIO_ReadPin  stm32f4xx_hal_gpio.o
    0x080010ae   0x00000008   Code   RO         1321    i.HAL_GPIO_TogglePin  stm32f4xx_hal_gpio.o
    0x080010b6   0x0000000e   Code   RO         1322    i.HAL_GPIO_WritePin  stm32f4xx_hal_gpio.o
    0x080010c4   0x0000000c   Code   RO         3763    i.HAL_GetTick       stm32f4xx_hal.o
    0x080010d0   0x00000010   Code   RO         3765    i.HAL_IncTick       stm32f4xx_hal.o
    0x080010e0   0x00000034   Code   RO         3766    i.HAL_Init          stm32f4xx_hal.o
    0x08001114   0x00000028   Code   RO         3767    i.HAL_InitTick      stm32f4xx_hal.o
    0x0800113c   0x00000058   Code   RO          669    i.HAL_MspInit       stm32f4xx_hal_msp.o
    0x08001194   0x00000016   Code   RO         2756    i.HAL_NVIC_DisableIRQ  stm32f4xx_hal_cortex.o
    0x080011aa   0x00000016   Code   RO         2757    i.HAL_NVIC_EnableIRQ  stm32f4xx_hal_cortex.o
    0x080011c0   0x00000040   Code   RO         2763    i.HAL_NVIC_SetPriority  stm32f4xx_hal_cortex.o
    0x08001200   0x00000024   Code   RO         2764    i.HAL_NVIC_SetPriorityGrouping  stm32f4xx_hal_cortex.o
    0x08001224   0x00000144   Code   RO         3008    i.HAL_RCC_ClockConfig  stm32f4xx_hal_rcc.o
    0x08001368   0x0000000c   Code   RO         3013    i.HAL_RCC_GetHCLKFreq  stm32f4xx_hal_rcc.o
    0x08001374   0x00000020   Code   RO         3015    i.HAL_RCC_GetPCLK1Freq  stm32f4xx_hal_rcc.o
    0x08001394   0x00000020   Code   RO         3016    i.HAL_RCC_GetPCLK2Freq  stm32f4xx_hal_rcc.o
    0x080013b4   0x00000068   Code   RO         3017    i.HAL_RCC_GetSysClockFreq  stm32f4xx_hal_rcc.o
    0x0800141c   0x0000035c   Code   RO         3020    i.HAL_RCC_OscConfig  stm32f4xx_hal_rcc.o
    0x08001778   0x00000082   Code   RO         1777    i.HAL_SPI_Init      stm32f4xx_hal_spi.o
    0x080017fa   0x00000002   PAD
    0x080017fc   0x00000068   Code   RO          516    i.HAL_SPI_MspInit   spi.o
    0x08001864   0x00000150   Code   RO         1780    i.HAL_SPI_Receive   stm32f4xx_hal_spi.o
    0x080019b4   0x000001da   Code   RO         1786    i.HAL_SPI_TransmitReceive  stm32f4xx_hal_spi.o
    0x08001b8e   0x0000001c   Code   RO         2766    i.HAL_SYSTICK_CLKSourceConfig  stm32f4xx_hal_cortex.o
    0x08001baa   0x00000002   Code   RO         2767    i.HAL_SYSTICK_Callback  stm32f4xx_hal_cortex.o
    0x08001bac   0x00000028   Code   RO         2768    i.HAL_SYSTICK_Config  stm32f4xx_hal_cortex.o
    0x08001bd4   0x00000008   Code   RO         2769    i.HAL_SYSTICK_IRQHandler  stm32f4xx_hal_cortex.o
    0x08001bdc   0x00000002   Code   RO         1381    i.HAL_TIMEx_BreakCallback  stm32f4xx_hal_tim_ex.o
    0x08001bde   0x00000002   Code   RO         1382    i.HAL_TIMEx_CommutationCallback  stm32f4xx_hal_tim_ex.o
    0x08001be0   0x00000050   Code   RO         1398    i.HAL_TIMEx_MasterConfigSynchronization  stm32f4xx_hal_tim_ex.o
    0x08001c30   0x00000038   Code   RO         3111    i.HAL_TIM_Base_Init  stm32f4xx_hal_tim.o
    0x08001c68   0x00000064   Code   RO          852    i.HAL_TIM_Base_MspInit  tim.o
    0x08001ccc   0x00000018   Code   RO         3116    i.HAL_TIM_Base_Start_IT  stm32f4xx_hal_tim.o
    0x08001ce4   0x0000002a   Code   RO         3119    i.HAL_TIM_Base_Stop_IT  stm32f4xx_hal_tim.o
    0x08001d0e   0x0000010e   Code   RO         3120    i.HAL_TIM_ConfigClockSource  stm32f4xx_hal_tim.o
    0x08001e1c   0x00000002   Code   RO         3140    i.HAL_TIM_IC_CaptureCallback  stm32f4xx_hal_tim.o
    0x08001e1e   0x0000016e   Code   RO         3153    i.HAL_TIM_IRQHandler  stm32f4xx_hal_tim.o
    0x08001f8c   0x00000002   Code   RO         3156    i.HAL_TIM_OC_DelayElapsedCallback  stm32f4xx_hal_tim.o
    0x08001f8e   0x00000002   Code   RO         3183    i.HAL_TIM_PWM_PulseFinishedCallback  stm32f4xx_hal_tim.o
    0x08001f90   0x00000044   Code   RO          468    i.HAL_TIM_PeriodElapsedCallback  bsp_time.o
    0x08001fd4   0x00000002   Code   RO         3194    i.HAL_TIM_TriggerCallback  stm32f4xx_hal_tim.o
    0x08001fd6   0x00000002   Code   RO         2104    i.HAL_UART_ErrorCallback  stm32f4xx_hal_uart.o
    0x08001fd8   0x00000110   Code   RO         2107    i.HAL_UART_IRQHandler  stm32f4xx_hal_uart.o
    0x080020e8   0x00000064   Code   RO         2108    i.HAL_UART_Init     stm32f4xx_hal_uart.o
    0x0800214c   0x00000144   Code   RO          756    i.HAL_UART_MspInit  usart.o
    0x08002290   0x0000004c   Code   RO         2113    i.HAL_UART_Receive_IT  stm32f4xx_hal_uart.o
    0x080022dc   0x00000078   Code   RO          169    i.HAL_UART_RxCpltCallback  bsp_uart.o
    0x08002354   0x0000008c   Code   RO         2117    i.HAL_UART_Transmit_DMA  stm32f4xx_hal_uart.o
    0x080023e0   0x0000000c   Code   RO         1063    i.HAL_UART_TxCpltCallback  bsp_dmasend.o
    0x080023ec   0x00000002   Code   RO         2120    i.HAL_UART_TxHalfCpltCallback  stm32f4xx_hal_uart.o
    0x080023ee   0x00000002   Code   RO          561    i.HardFault_Handler  stm32f4xx_it.o
    0x080023f0   0x00000012   Code   RO          427    i.Interal_Flash_ReadByByte  bsp_interal_flash.o
    0x08002402   0x00000002   PAD
    0x08002404   0x000000a4   Code   RO          428    i.Interal_Flash_WriteByByte  bsp_interal_flash.o
    0x080024a8   0x00000020   Code   RO           14    i.LED_Time_Callback  bsp_led.o
    0x080024c8   0x0000000c   Code   RO           15    i.LED_Toggle        bsp_led.o
    0x080024d4   0x0000004c   Code   RO          827    i.MX_DMA_Init       dma.o
    0x08002520   0x0000011c   Code   RO          803    i.MX_GPIO_Init      gpio.o
    0x0800263c   0x0000005c   Code   RO          517    i.MX_SPI1_Init      spi.o
    0x08002698   0x00000074   Code   RO          853    i.MX_TIM2_Init      tim.o
    0x0800270c   0x00000074   Code   RO          854    i.MX_TIM3_Init      tim.o
    0x08002780   0x0000004c   Code   RO          757    i.MX_USART1_UART_Init  usart.o
    0x080027cc   0x0000004c   Code   RO          758    i.MX_USART2_UART_Init  usart.o
    0x08002818   0x00000002   Code   RO          562    i.MemManage_Handler  stm32f4xx_it.o
    0x0800281a   0x00000028   Code   RO          901    i.ModifyTempConfig  bsp_config.o
    0x08002842   0x0000005c   Code   RO         1123    i.Ms5540_GetW2C     bsp_ms5540b.o
    0x0800289e   0x00000004   Code   RO         1124    i.Ms5540_Init       bsp_ms5540b.o
    0x080028a2   0x00000002   Code   RO          563    i.NMI_Handler       stm32f4xx_it.o
    0x080028a4   0x00000020   Code   RO         2770    i.NVIC_SetPriority  stm32f4xx_hal_cortex.o
    0x080028c4   0x00000002   Code   RO          564    i.PendSV_Handler    stm32f4xx_it.o
    0x080028c6   0x000000aa   Code   RO          247    i.ProtocolFrame_Check  bsp_uartprotocl.o
    0x08002970   0x00000014   Code   RO          248    i.ProtocolFrame_Init  bsp_uartprotocl.o
    0x08002984   0x00000024   Code   RO         1801    i.SPI_CheckFlag_BSY  stm32f4xx_hal_spi.o
    0x080029a8   0x00000094   Code   RO         1819    i.SPI_WaitFlagStateUntilTimeout  stm32f4xx_hal_spi.o
    0x08002a3c   0x00000002   Code   RO          565    i.SVC_Handler       stm32f4xx_it.o
    0x08002a3e   0x00000032   Code   RO         1127    i.SerialGet16       bsp_ms5540b.o
    0x08002a70   0x0000003c   Code   RO         1128    i.SerialSendLsbFirst  bsp_ms5540b.o
    0x08002aac   0x0000000e   Code   RO          566    i.SysTick_Handler   stm32f4xx_it.o
    0x08002aba   0x00000002   PAD
    0x08002abc   0x000000c4   Code   RO          693    i.SystemClock_Config  main.o
    0x08002b80   0x00000054   Code   RO         1278    i.SystemInit        system_stm32f4xx.o
    0x08002bd4   0x0000000c   Code   RO          567    i.TIM2_IRQHandler   stm32f4xx_it.o
    0x08002be0   0x0000000c   Code   RO          568    i.TIM3_IRQHandler   stm32f4xx_it.o
    0x08002bec   0x000000c4   Code   RO         3195    i.TIM_Base_SetConfig  stm32f4xx_hal_tim.o
    0x08002cb0   0x00000014   Code   RO         3202    i.TIM_ETR_SetConfig  stm32f4xx_hal_tim.o
    0x08002cc4   0x00000010   Code   RO         3203    i.TIM_ITRx_SetConfig  stm32f4xx_hal_tim.o
    0x08002cd4   0x00000022   Code   RO         3209    i.TIM_TI1_ConfigInputStage  stm32f4xx_hal_tim.o
    0x08002cf6   0x00000024   Code   RO         3211    i.TIM_TI2_ConfigInputStage  stm32f4xx_hal_tim.o
    0x08002d1a   0x00000010   Code   RO         2121    i.UART_DMAAbortOnError  stm32f4xx_hal_uart.o
    0x08002d2a   0x0000004a   Code   RO         2122    i.UART_DMAError     stm32f4xx_hal_uart.o
    0x08002d74   0x0000002e   Code   RO         2127    i.UART_DMATransmitCplt  stm32f4xx_hal_uart.o
    0x08002da2   0x0000000a   Code   RO         2129    i.UART_DMATxHalfCplt  stm32f4xx_hal_uart.o
    0x08002dac   0x0000001c   Code   RO         2131    i.UART_EndRxTransfer  stm32f4xx_hal_uart.o
    0x08002dc8   0x0000001a   Code   RO         2132    i.UART_EndTransmit_IT  stm32f4xx_hal_uart.o
    0x08002de2   0x00000012   Code   RO         2133    i.UART_EndTxTransfer  stm32f4xx_hal_uart.o
    0x08002df4   0x00000092   Code   RO         2134    i.UART_Receive_IT   stm32f4xx_hal_uart.o
    0x08002e86   0x00000002   PAD
    0x08002e88   0x00000314   Code   RO         2135    i.UART_SetConfig    stm32f4xx_hal_uart.o
    0x0800319c   0x00000066   Code   RO         2136    i.UART_Transmit_IT  stm32f4xx_hal_uart.o
    0x08003202   0x00000002   PAD
    0x08003204   0x0000000c   Code   RO          569    i.USART1_IRQHandler  stm32f4xx_it.o
    0x08003210   0x0000000c   Code   RO          570    i.USART2_IRQHandler  stm32f4xx_it.o
    0x0800321c   0x00000010   Code   RO          171    i.Uart2_Send        bsp_uart.o
    0x0800322c   0x00000012   Code   RO          249    i.UartReceiveServer  bsp_uartprotocl.o
    0x0800323e   0x00000002   PAD
    0x08003240   0x00000024   Code   RO          250    i.UartReceiveServer1  bsp_uartprotocl.o
    0x08003264   0x00000138   Code   RO          251    i.UartReceiveServer2  bsp_uartprotocl.o
    0x0800339c   0x0000002e   Code   RO          173    i.Uart_ReadAByteFromFifo  bsp_uart.o
    0x080033ca   0x00000004   Code   RO          174    i.Uart_ReadAByteFromRxFifo  bsp_uart.o
    0x080033ce   0x0000000c   Code   RO          175    i.Uart_Receive_Start  bsp_uart.o
    0x080033da   0x00000002   Code   RO          571    i.UsageFault_Handler  stm32f4xx_it.o
    0x080033dc   0x00000002   Code   RO          694    i._Error_Handler    main.o
    0x080033de   0x00000002   PAD
    0x080033e0   0x00000010   Code   RO         3944    i.__0printf$bare    mc_w.l(printfb.o)
    0x080033f0   0x0000000e   Code   RO         4243    i.__scatterload_copy  mc_w.l(handlers.o)
    0x080033fe   0x00000002   Code   RO         4244    i.__scatterload_null  mc_w.l(handlers.o)
    0x08003400   0x0000000e   Code   RO         4245    i.__scatterload_zeroinit  mc_w.l(handlers.o)
    0x0800340e   0x00000022   Code   RO         3951    i._printf_core      mc_w.l(printfb.o)
    0x08003430   0x00000018   Code   RO          176    i.fputc             bsp_uart.o
    0x08003448   0x00000020   Code   RO         1131    i.getDOUT           bsp_ms5540b.o
    0x08003468   0x00000080   Code   RO         1132    i.getW              bsp_ms5540b.o
    0x080034e8   0x000001f0   Code   RO          695    i.main              main.o
    0x080036d8   0x0000001e   Code   RO         1134    i.reset             bsp_ms5540b.o
    0x080036f6   0x00000002   PAD
    0x080036f8   0x00000020   Code   RO         1135    i.setDIN            bsp_ms5540b.o
    0x08003718   0x00000020   Code   RO         1136    i.setSCLK           bsp_ms5540b.o
    0x08003738   0x00000010   Data   RO         1279    .constdata          system_stm32f4xx.o
    0x08003748   0x00000008   Data   RO         1280    .constdata          system_stm32f4xx.o
    0x08003750   0x00000008   Data   RO         2543    .constdata          stm32f4xx_hal_dma.o
    0x08003758   0x00000020   Data   RO         4241    Region$$Table       anon$$obj.o


    Execution Region RW_IRAM1 (Base: 0x20000000, Size: 0x0000a748, Max: 0x00020000, ABSOLUTE)

    Base Addr    Size         Type   Attr      Idx    E Section Name        Object

    0x20000000   0x00000004   Data   RW           16    .data               bsp_led.o
    0x20000004   0x00000018   Data   RW          179    .data               bsp_uart.o
    0x2000001c   0x00000018   Data   RW          180    .data               bsp_uart.o
    0x20000034   0x00000008   Data   RW          181    .data               bsp_uart.o
    0x2000003c   0x00000001   Data   RW          343    .data               bsp_ad7606.o
    0x2000003d   0x00000003   PAD
    0x20000040   0x00000004   Data   RW          429    .data               bsp_interal_flash.o
    0x20000044   0x0000000c   Data   RW          471    .data               bsp_time.o
    0x20000050   0x00000002   Data   RW          697    .data               main.o
    0x20000052   0x00000002   PAD
    0x20000054   0x00000010   Data   RW          904    .data               bsp_config.o
    0x20000064   0x00000004   Data   RW         1281    .data               system_stm32f4xx.o
    0x20000068   0x00000004   Data   RW         3772    .data               stm32f4xx_hal.o
    0x2000006c   0x00000004   Data   RW         4217    .data               mc_w.l(stdout.o)
    0x20000070   0x00000080   Zero   RW          177    .bss                bsp_uart.o
    0x200000f0   0x00000080   Zero   RW          178    .bss                bsp_uart.o
    0x20000170   0x00000030   Zero   RW          252    .bss                bsp_uartprotocl.o
    0x200001a0   0x00000010   Zero   RW          342    .bss                bsp_ad7606.o
    0x200001b0   0x00000058   Zero   RW          518    .bss                spi.o
    0x20000208   0x0000001e   Zero   RW          696    .bss                main.o
    0x20000226   0x00000002   PAD
    0x20000228   0x00000140   Zero   RW          759    .bss                usart.o
    0x20000368   0x00000078   Zero   RW          855    .bss                tim.o
    0x200003e0   0x00000010   Zero   RW          902    .bss                bsp_config.o
    0x200003f0   0x00000088   Zero   RW          945    .bss                bsp_calculation.o
    0x20000478   0x0000018e   Zero   RW         1013    .bss                bsp_buildframe.o
    0x20000606   0x00000002   PAD
    0x20000608   0x00000088   Zero   RW         1064    .bss                bsp_dmasend.o
    0x20000690   0x00000044   Zero   RW         1137    .bss                bsp_ms5540b.o
    0x200006d4   0x00000004   PAD
    0x200006d8   0x00000050   Zero   RW         1238    .bss                bsp_adder.o
    0x20000728   0x00000020   Zero   RW         2651    .bss                stm32f4xx_hal_flash.o
    0x20000748   0x0000a000   Zero   RW            1    STACK               startup_stm32f405xx.o


==============================================================================

Image component sizes


      Code (inc. data)   RO Data    RW Data    ZI Data      Debug   Object Name

       656         62          0          1         16       5710   bsp_ad7606.o
        36          0          0          0         80       1755   bsp_adder.o
        84          0          0          0        398       3228   bsp_buildframe.o
        40          0          0          0        136       1920   bsp_calculation.o
        40          6          0         16         16       3192   bsp_config.o
        74          4          0          0        136       2858   bsp_dmasend.o
       408         52          0          4          0       3769   bsp_interal_flash.o
        44          8          0          4          0     640619   bsp_led.o
       460         18          0          0         68       6978   bsp_ms5540b.o
        68         12          0         12          0       1761   bsp_time.o
       222         30          0         56        256       5151   bsp_uart.o
       556        188          0          0         48       5256   bsp_uartprotocl.o
        76          4          0          0          0        810   dma.o
       284         18          0          0          0       1023   gpio.o
       694        222          0          2         30       2845   main.o
       196         38          0          0         88       1669   spi.o
        36          8        392          0      40960        844   startup_stm32f405xx.o
       148         22          0          4          0       4447   stm32f4xx_hal.o
       254         14          0          0          0      32983   stm32f4xx_hal_cortex.o
      1038         14          8          0          0       6726   stm32f4xx_hal_dma.o
       520         66          0          0         32       6182   stm32f4xx_hal_flash.o
       364         24          0          0          0       3386   stm32f4xx_hal_flash_ex.o
       488         46          0          0          0       3840   stm32f4xx_hal_gpio.o
        88          0          0          0          0        530   stm32f4xx_hal_msp.o
      1364         68          0          0          0       6180   stm32f4xx_hal_rcc.o
      1124          0          0          0          0       5627   stm32f4xx_hal_spi.o
      1068         44          0          0          0      10474   stm32f4xx_hal_tim.o
        84          0          0          0          0       2414   stm32f4xx_hal_tim_ex.o
      1846         26          0          0          0      11843   stm32f4xx_hal_uart.o
       102         36          0          0          0       7014   stm32f4xx_it.o
        84         18         24          4          0       1183   system_stm32f4xx.o
       332         56          0          0        120       2407   tim.o
       476         94          0          0        320       2569   usart.o

    ----------------------------------------------------------------------
     13376       1198        456        108      42712     797193   Object Totals
         0          0         32          0          0          0   (incl. Generated)
        22          0          0          5          8          0   (incl. Padding)

    ----------------------------------------------------------------------

      Code (inc. data)   RO Data    RW Data    ZI Data      Debug   Library Member Name

         0          0          0          0          0          0   entry.o
         0          0          0          0          0          0   entry10a.o
         0          0          0          0          0          0   entry11a.o
         8          4          0          0          0          0   entry2.o
         4          0          0          0          0          0   entry5.o
         0          0          0          0          0          0   entry7b.o
         0          0          0          0          0          0   entry8b.o
         8          4          0          0          0          0   entry9a.o
        30          0          0          0          0          0   handlers.o
        36          8          0          0          0         68   init.o
        30          0          0          0          0         68   llshl.o
        32          0          0          0          0         68   llushr.o
        36          0          0          0          0         68   memcpya.o
        36          0          0          0          0        108   memseta.o
        50          8          0          0          0        152   printfb.o
         0          0          0          4          0          0   stdout.o
        98          0          0          0          0         92   uldiv.o

    ----------------------------------------------------------------------
       368         24          0          4          0        624   Library Totals
         0          0          0          0          0          0   (incl. Padding)

    ----------------------------------------------------------------------

      Code (inc. data)   RO Data    RW Data    ZI Data      Debug   Library Name

       368         24          0          4          0        624   mc_w.l

    ----------------------------------------------------------------------
       368         24          0          4          0        624   Library Totals

    ----------------------------------------------------------------------

==============================================================================


      Code (inc. data)   RO Data    RW Data    ZI Data      Debug   

     13744       1222        456        112      42712     782961   Grand Totals
     13744       1222        456        112      42712     782961   ELF Image Totals
     13744       1222        456        112          0          0   ROM Totals

==============================================================================

    Total RO  Size (Code + RO Data)                14200 (  13.87kB)
    Total RW  Size (RW Data + ZI Data)             42824 (  41.82kB)
    Total ROM Size (Code + RO Data + RW Data)      14312 (  13.98kB)

==============================================================================

